

================================================================
== Vitis HLS Report for 'conv2D0'
================================================================
* Date:           Thu Apr 11 22:13:02 2024

* Version:        2023.2 (Build 4023990 on Oct 11 2023)
* Project:        Project1
* Solution:       partition_block_best_unroll_best (Vivado IP Flow Target)
* Product family: zynq
* Target device:  xc7z010i-clg225-1L


================================================================
== Performance Estimates
================================================================
+ Timing: 
    * Summary: 
    +--------+----------+----------+------------+
    |  Clock |  Target  | Estimated| Uncertainty|
    +--------+----------+----------+------------+
    |ap_clk  |  10.00 ns|  6.270 ns|     2.70 ns|
    +--------+----------+----------+------------+

+ Latency: 
    * Summary: 
    +---------+---------+-----------+-----------+-----+-----+---------+
    |  Latency (cycles) |   Latency (absolute)  |  Interval | Pipeline|
    |   min   |   max   |    min    |    max    | min | max |   Type  |
    +---------+---------+-----------+-----------+-----+-----+---------+
    |        5|        5|  50.000 ns|  50.000 ns|    6|    6|       no|
    +---------+---------+-----------+-----------+-----+-----+---------+

    + Detail: 
        * Instance: 
        N/A

        * Loop: 
        N/A

============================================================
+ Verbose Summary: Synthesis Manager
============================================================
InlineROM: 1
ExposeGlobal: 0
============================================================
+ Verbose Summary: CDFG Model
============================================================
IsTopModel: 1
ResetActiveHigh: 1
IsCombinational: 0
IsDatapathOnly: 0
HasWiredReturn: 1
HasMFsm: 0
HasVarLatency: 1
IsPipeline: 0
IsRtlPipelined: 0
IsInstanceOverlapped: 0
IsDontTouch: 0
HasImplIP: 0
IsGatedGlobalClock: 0


============================================================
+ Verbose Summary: Schedule
============================================================
* Number of FSM states : 6
* Pipeline : 0
* Dataflow Pipeline: 0

* FSM state transitions: 
1 --> 2 
2 --> 3 
3 --> 4 
4 --> 5 
5 --> 6 
6 --> 

* FSM state operations: 

State 1 <SV = 0> <Delay = 1.05>
ST_1 : Operation 7 [1/1] (0.00ns)   --->   "%img_in_10_read = read i8 @_ssdm_op_Read.ap_auto.i8P0A, i8 %img_in_10" [conv2D0.cpp:23]   --->   Operation 7 'read' 'img_in_10_read' <Predicate = true> <Delay = 0.00>
ST_1 : Operation 8 [1/1] (0.00ns)   --->   "%img_in_11_read = read i8 @_ssdm_op_Read.ap_auto.i8P0A, i8 %img_in_11" [conv2D0.cpp:23]   --->   Operation 8 'read' 'img_in_11_read' <Predicate = true> <Delay = 0.00>
ST_1 : Operation 9 [1/1] (0.00ns)   --->   "%img_in_14_read = read i8 @_ssdm_op_Read.ap_auto.i8P0A, i8 %img_in_14" [conv2D0.cpp:23]   --->   Operation 9 'read' 'img_in_14_read' <Predicate = true> <Delay = 0.00>
ST_1 : Operation 10 [1/1] (0.00ns)   --->   "%img_in_15_read = read i8 @_ssdm_op_Read.ap_auto.i8P0A, i8 %img_in_15" [conv2D0.cpp:23]   --->   Operation 10 'read' 'img_in_15_read' <Predicate = true> <Delay = 0.00>
ST_1 : Operation 11 [1/1] (0.00ns)   --->   "%weights_8_read = read i8 @_ssdm_op_Read.ap_auto.i8P0A, i8 %weights_8" [conv2D0.cpp:26]   --->   Operation 11 'read' 'weights_8_read' <Predicate = true> <Delay = 0.00>
ST_1 : Operation 12 [3/3] (1.05ns) (grouped into DSP with root node add_ln39_4)   --->   "%mul_ln39_7 = mul i8 %weights_8_read, i8 %img_in_10_read" [conv2D0.cpp:39]   --->   Operation 12 'mul' 'mul_ln39_7' <Predicate = true> <Delay = 1.05> <CoreInst = "DSP48">   --->   Core 119 'DSP48' <Latency = 3> <II = 1> <Delay = 2.15> <IPBlock> <Opcode : '' 'add' 'sub' 'mul' 'select'> <InPorts = 0> <OutPorts = 1> <Sync> <CReg>
ST_1 : Operation 13 [3/3] (1.05ns) (grouped into DSP with root node add_ln39_12)   --->   "%mul_ln39_16 = mul i8 %weights_8_read, i8 %img_in_11_read" [conv2D0.cpp:39]   --->   Operation 13 'mul' 'mul_ln39_16' <Predicate = true> <Delay = 1.05> <CoreInst = "DSP48">   --->   Core 119 'DSP48' <Latency = 3> <II = 1> <Delay = 2.15> <IPBlock> <Opcode : '' 'add' 'sub' 'mul' 'select'> <InPorts = 0> <OutPorts = 1> <Sync> <CReg>
ST_1 : Operation 14 [3/3] (1.05ns) (grouped into DSP with root node add_ln39_20)   --->   "%mul_ln39_25 = mul i8 %weights_8_read, i8 %img_in_14_read" [conv2D0.cpp:39]   --->   Operation 14 'mul' 'mul_ln39_25' <Predicate = true> <Delay = 1.05> <CoreInst = "DSP48">   --->   Core 119 'DSP48' <Latency = 3> <II = 1> <Delay = 2.15> <IPBlock> <Opcode : '' 'add' 'sub' 'mul' 'select'> <InPorts = 0> <OutPorts = 1> <Sync> <CReg>
ST_1 : Operation 15 [3/3] (1.05ns) (grouped into DSP with root node add_ln39_28)   --->   "%mul_ln39_34 = mul i8 %weights_8_read, i8 %img_in_15_read" [conv2D0.cpp:39]   --->   Operation 15 'mul' 'mul_ln39_34' <Predicate = true> <Delay = 1.05> <CoreInst = "DSP48">   --->   Core 119 'DSP48' <Latency = 3> <II = 1> <Delay = 2.15> <IPBlock> <Opcode : '' 'add' 'sub' 'mul' 'select'> <InPorts = 0> <OutPorts = 1> <Sync> <CReg>

State 2 <SV = 1> <Delay = 1.05>
ST_2 : Operation 16 [1/1] (0.00ns)   --->   "%img_in_6_read = read i8 @_ssdm_op_Read.ap_auto.i8P0A, i8 %img_in_6" [conv2D0.cpp:23]   --->   Operation 16 'read' 'img_in_6_read' <Predicate = true> <Delay = 0.00>
ST_2 : Operation 17 [1/1] (0.00ns)   --->   "%img_in_7_read = read i8 @_ssdm_op_Read.ap_auto.i8P0A, i8 %img_in_7" [conv2D0.cpp:23]   --->   Operation 17 'read' 'img_in_7_read' <Predicate = true> <Delay = 0.00>
ST_2 : Operation 18 [1/1] (0.00ns)   --->   "%img_in_8_read = read i8 @_ssdm_op_Read.ap_auto.i8P0A, i8 %img_in_8" [conv2D0.cpp:23]   --->   Operation 18 'read' 'img_in_8_read' <Predicate = true> <Delay = 0.00>
ST_2 : Operation 19 [1/1] (0.00ns)   --->   "%img_in_9_read = read i8 @_ssdm_op_Read.ap_auto.i8P0A, i8 %img_in_9" [conv2D0.cpp:23]   --->   Operation 19 'read' 'img_in_9_read' <Predicate = true> <Delay = 0.00>
ST_2 : Operation 20 [1/1] (0.00ns)   --->   "%img_in_12_read = read i8 @_ssdm_op_Read.ap_auto.i8P0A, i8 %img_in_12" [conv2D0.cpp:23]   --->   Operation 20 'read' 'img_in_12_read' <Predicate = true> <Delay = 0.00>
ST_2 : Operation 21 [1/1] (0.00ns)   --->   "%img_in_13_read = read i8 @_ssdm_op_Read.ap_auto.i8P0A, i8 %img_in_13" [conv2D0.cpp:23]   --->   Operation 21 'read' 'img_in_13_read' <Predicate = true> <Delay = 0.00>
ST_2 : Operation 22 [1/1] (0.00ns)   --->   "%weights_5_read = read i8 @_ssdm_op_Read.ap_auto.i8P0A, i8 %weights_5" [conv2D0.cpp:26]   --->   Operation 22 'read' 'weights_5_read' <Predicate = true> <Delay = 0.00>
ST_2 : Operation 23 [1/1] (0.00ns)   --->   "%weights_6_read = read i8 @_ssdm_op_Read.ap_auto.i8P0A, i8 %weights_6" [conv2D0.cpp:26]   --->   Operation 23 'read' 'weights_6_read' <Predicate = true> <Delay = 0.00>
ST_2 : Operation 24 [3/3] (1.05ns) (grouped into DSP with root node add_ln39_3)   --->   "%mul_ln39_4 = mul i8 %weights_5_read, i8 %img_in_6_read" [conv2D0.cpp:39]   --->   Operation 24 'mul' 'mul_ln39_4' <Predicate = true> <Delay = 1.05> <CoreInst = "DSP48">   --->   Core 119 'DSP48' <Latency = 3> <II = 1> <Delay = 2.15> <IPBlock> <Opcode : '' 'add' 'sub' 'mul' 'select'> <InPorts = 0> <OutPorts = 1> <Sync> <CReg>
ST_2 : Operation 25 [3/3] (1.05ns) (grouped into DSP with root node add_ln39_5)   --->   "%mul_ln39_5 = mul i8 %weights_6_read, i8 %img_in_8_read" [conv2D0.cpp:39]   --->   Operation 25 'mul' 'mul_ln39_5' <Predicate = true> <Delay = 1.05> <CoreInst = "DSP48">   --->   Core 119 'DSP48' <Latency = 3> <II = 1> <Delay = 2.15> <IPBlock> <Opcode : '' 'add' 'sub' 'mul' 'select'> <InPorts = 0> <OutPorts = 1> <Sync> <CReg>
ST_2 : Operation 26 [2/3] (1.05ns) (grouped into DSP with root node add_ln39_4)   --->   "%mul_ln39_7 = mul i8 %weights_8_read, i8 %img_in_10_read" [conv2D0.cpp:39]   --->   Operation 26 'mul' 'mul_ln39_7' <Predicate = true> <Delay = 1.05> <CoreInst = "DSP48">   --->   Core 119 'DSP48' <Latency = 3> <II = 1> <Delay = 2.15> <IPBlock> <Opcode : '' 'add' 'sub' 'mul' 'select'> <InPorts = 0> <OutPorts = 1> <Sync> <CReg>
ST_2 : Operation 27 [3/3] (1.05ns) (grouped into DSP with root node add_ln39_11)   --->   "%mul_ln39_13 = mul i8 %weights_5_read, i8 %img_in_7_read" [conv2D0.cpp:39]   --->   Operation 27 'mul' 'mul_ln39_13' <Predicate = true> <Delay = 1.05> <CoreInst = "DSP48">   --->   Core 119 'DSP48' <Latency = 3> <II = 1> <Delay = 2.15> <IPBlock> <Opcode : '' 'add' 'sub' 'mul' 'select'> <InPorts = 0> <OutPorts = 1> <Sync> <CReg>
ST_2 : Operation 28 [3/3] (1.05ns) (grouped into DSP with root node add_ln39_13)   --->   "%mul_ln39_14 = mul i8 %weights_6_read, i8 %img_in_9_read" [conv2D0.cpp:39]   --->   Operation 28 'mul' 'mul_ln39_14' <Predicate = true> <Delay = 1.05> <CoreInst = "DSP48">   --->   Core 119 'DSP48' <Latency = 3> <II = 1> <Delay = 2.15> <IPBlock> <Opcode : '' 'add' 'sub' 'mul' 'select'> <InPorts = 0> <OutPorts = 1> <Sync> <CReg>
ST_2 : Operation 29 [2/3] (1.05ns) (grouped into DSP with root node add_ln39_12)   --->   "%mul_ln39_16 = mul i8 %weights_8_read, i8 %img_in_11_read" [conv2D0.cpp:39]   --->   Operation 29 'mul' 'mul_ln39_16' <Predicate = true> <Delay = 1.05> <CoreInst = "DSP48">   --->   Core 119 'DSP48' <Latency = 3> <II = 1> <Delay = 2.15> <IPBlock> <Opcode : '' 'add' 'sub' 'mul' 'select'> <InPorts = 0> <OutPorts = 1> <Sync> <CReg>
ST_2 : Operation 30 [3/3] (1.05ns) (grouped into DSP with root node add_ln39_19)   --->   "%mul_ln39_22 = mul i8 %weights_5_read, i8 %img_in_10_read" [conv2D0.cpp:39]   --->   Operation 30 'mul' 'mul_ln39_22' <Predicate = true> <Delay = 1.05> <CoreInst = "DSP48">   --->   Core 119 'DSP48' <Latency = 3> <II = 1> <Delay = 2.15> <IPBlock> <Opcode : '' 'add' 'sub' 'mul' 'select'> <InPorts = 0> <OutPorts = 1> <Sync> <CReg>
ST_2 : Operation 31 [3/3] (1.05ns) (grouped into DSP with root node add_ln39_21)   --->   "%mul_ln39_23 = mul i8 %weights_6_read, i8 %img_in_12_read" [conv2D0.cpp:39]   --->   Operation 31 'mul' 'mul_ln39_23' <Predicate = true> <Delay = 1.05> <CoreInst = "DSP48">   --->   Core 119 'DSP48' <Latency = 3> <II = 1> <Delay = 2.15> <IPBlock> <Opcode : '' 'add' 'sub' 'mul' 'select'> <InPorts = 0> <OutPorts = 1> <Sync> <CReg>
ST_2 : Operation 32 [2/3] (1.05ns) (grouped into DSP with root node add_ln39_20)   --->   "%mul_ln39_25 = mul i8 %weights_8_read, i8 %img_in_14_read" [conv2D0.cpp:39]   --->   Operation 32 'mul' 'mul_ln39_25' <Predicate = true> <Delay = 1.05> <CoreInst = "DSP48">   --->   Core 119 'DSP48' <Latency = 3> <II = 1> <Delay = 2.15> <IPBlock> <Opcode : '' 'add' 'sub' 'mul' 'select'> <InPorts = 0> <OutPorts = 1> <Sync> <CReg>
ST_2 : Operation 33 [3/3] (1.05ns) (grouped into DSP with root node add_ln39_27)   --->   "%mul_ln39_31 = mul i8 %weights_5_read, i8 %img_in_11_read" [conv2D0.cpp:39]   --->   Operation 33 'mul' 'mul_ln39_31' <Predicate = true> <Delay = 1.05> <CoreInst = "DSP48">   --->   Core 119 'DSP48' <Latency = 3> <II = 1> <Delay = 2.15> <IPBlock> <Opcode : '' 'add' 'sub' 'mul' 'select'> <InPorts = 0> <OutPorts = 1> <Sync> <CReg>
ST_2 : Operation 34 [3/3] (1.05ns) (grouped into DSP with root node add_ln39_29)   --->   "%mul_ln39_32 = mul i8 %weights_6_read, i8 %img_in_13_read" [conv2D0.cpp:39]   --->   Operation 34 'mul' 'mul_ln39_32' <Predicate = true> <Delay = 1.05> <CoreInst = "DSP48">   --->   Core 119 'DSP48' <Latency = 3> <II = 1> <Delay = 2.15> <IPBlock> <Opcode : '' 'add' 'sub' 'mul' 'select'> <InPorts = 0> <OutPorts = 1> <Sync> <CReg>
ST_2 : Operation 35 [2/3] (1.05ns) (grouped into DSP with root node add_ln39_28)   --->   "%mul_ln39_34 = mul i8 %weights_8_read, i8 %img_in_15_read" [conv2D0.cpp:39]   --->   Operation 35 'mul' 'mul_ln39_34' <Predicate = true> <Delay = 1.05> <CoreInst = "DSP48">   --->   Core 119 'DSP48' <Latency = 3> <II = 1> <Delay = 2.15> <IPBlock> <Opcode : '' 'add' 'sub' 'mul' 'select'> <InPorts = 0> <OutPorts = 1> <Sync> <CReg>

State 3 <SV = 2> <Delay = 6.27>
ST_3 : Operation 36 [1/1] (0.00ns)   --->   "%img_in_0_read = read i8 @_ssdm_op_Read.ap_auto.i8P0A, i8 %img_in_0" [conv2D0.cpp:23]   --->   Operation 36 'read' 'img_in_0_read' <Predicate = true> <Delay = 0.00>
ST_3 : Operation 37 [1/1] (0.00ns)   --->   "%img_in_1_read = read i8 @_ssdm_op_Read.ap_auto.i8P0A, i8 %img_in_1" [conv2D0.cpp:23]   --->   Operation 37 'read' 'img_in_1_read' <Predicate = true> <Delay = 0.00>
ST_3 : Operation 38 [1/1] (0.00ns)   --->   "%img_in_4_read = read i8 @_ssdm_op_Read.ap_auto.i8P0A, i8 %img_in_4" [conv2D0.cpp:23]   --->   Operation 38 'read' 'img_in_4_read' <Predicate = true> <Delay = 0.00>
ST_3 : Operation 39 [1/1] (0.00ns)   --->   "%img_in_5_read = read i8 @_ssdm_op_Read.ap_auto.i8P0A, i8 %img_in_5" [conv2D0.cpp:23]   --->   Operation 39 'read' 'img_in_5_read' <Predicate = true> <Delay = 0.00>
ST_3 : Operation 40 [1/1] (0.00ns)   --->   "%weights_0_read = read i8 @_ssdm_op_Read.ap_auto.i8P0A, i8 %weights_0" [conv2D0.cpp:26]   --->   Operation 40 'read' 'weights_0_read' <Predicate = true> <Delay = 0.00>
ST_3 : Operation 41 [1/1] (0.00ns)   --->   "%weights_3_read = read i8 @_ssdm_op_Read.ap_auto.i8P0A, i8 %weights_3" [conv2D0.cpp:26]   --->   Operation 41 'read' 'weights_3_read' <Predicate = true> <Delay = 0.00>
ST_3 : Operation 42 [1/1] (0.00ns)   --->   "%weights_7_read = read i8 @_ssdm_op_Read.ap_auto.i8P0A, i8 %weights_7" [conv2D0.cpp:26]   --->   Operation 42 'read' 'weights_7_read' <Predicate = true> <Delay = 0.00>
ST_3 : Operation 43 [3/3] (1.05ns) (grouped into DSP with root node add_ln39)   --->   "%acc = mul i8 %weights_0_read, i8 %img_in_0_read" [conv2D0.cpp:39]   --->   Operation 43 'mul' 'acc' <Predicate = true> <Delay = 1.05> <CoreInst = "DSP48">   --->   Core 119 'DSP48' <Latency = 3> <II = 1> <Delay = 2.15> <IPBlock> <Opcode : '' 'add' 'sub' 'mul' 'select'> <InPorts = 0> <OutPorts = 1> <Sync> <CReg>
ST_3 : Operation 44 [3/3] (1.05ns) (grouped into DSP with root node add_ln39_1)   --->   "%mul_ln39_2 = mul i8 %weights_3_read, i8 %img_in_4_read" [conv2D0.cpp:39]   --->   Operation 44 'mul' 'mul_ln39_2' <Predicate = true> <Delay = 1.05> <CoreInst = "DSP48">   --->   Core 119 'DSP48' <Latency = 3> <II = 1> <Delay = 2.15> <IPBlock> <Opcode : '' 'add' 'sub' 'mul' 'select'> <InPorts = 0> <OutPorts = 1> <Sync> <CReg>
ST_3 : Operation 45 [2/3] (1.05ns) (grouped into DSP with root node add_ln39_3)   --->   "%mul_ln39_4 = mul i8 %weights_5_read, i8 %img_in_6_read" [conv2D0.cpp:39]   --->   Operation 45 'mul' 'mul_ln39_4' <Predicate = true> <Delay = 1.05> <CoreInst = "DSP48">   --->   Core 119 'DSP48' <Latency = 3> <II = 1> <Delay = 2.15> <IPBlock> <Opcode : '' 'add' 'sub' 'mul' 'select'> <InPorts = 0> <OutPorts = 1> <Sync> <CReg>
ST_3 : Operation 46 [2/3] (1.05ns) (grouped into DSP with root node add_ln39_5)   --->   "%mul_ln39_5 = mul i8 %weights_6_read, i8 %img_in_8_read" [conv2D0.cpp:39]   --->   Operation 46 'mul' 'mul_ln39_5' <Predicate = true> <Delay = 1.05> <CoreInst = "DSP48">   --->   Core 119 'DSP48' <Latency = 3> <II = 1> <Delay = 2.15> <IPBlock> <Opcode : '' 'add' 'sub' 'mul' 'select'> <InPorts = 0> <OutPorts = 1> <Sync> <CReg>
ST_3 : Operation 47 [1/1] (4.17ns)   --->   "%mul_ln39_6 = mul i8 %weights_7_read, i8 %img_in_9_read" [conv2D0.cpp:39]   --->   Operation 47 'mul' 'mul_ln39_6' <Predicate = true> <Delay = 4.17> <CoreInst = "Multiplier">   --->   Core 3 'Multiplier' <Latency = 0> <II = 1> <Delay = 4.17> <FuncUnit> <Opcode : 'mul'> <InPorts = 2> <OutPorts = 1>
ST_3 : Operation 48 [1/3] (0.00ns) (grouped into DSP with root node add_ln39_4)   --->   "%mul_ln39_7 = mul i8 %weights_8_read, i8 %img_in_10_read" [conv2D0.cpp:39]   --->   Operation 48 'mul' 'mul_ln39_7' <Predicate = true> <Delay = 0.00> <CoreInst = "DSP48">   --->   Core 119 'DSP48' <Latency = 3> <II = 1> <Delay = 2.15> <IPBlock> <Opcode : '' 'add' 'sub' 'mul' 'select'> <InPorts = 0> <OutPorts = 1> <Sync> <CReg>
ST_3 : Operation 49 [2/2] (2.10ns) (root node of the DSP)   --->   "%add_ln39_4 = add i8 %mul_ln39_6, i8 %mul_ln39_7" [conv2D0.cpp:39]   --->   Operation 49 'add' 'add_ln39_4' <Predicate = true> <Delay = 2.10> <CoreInst = "DSP48">   --->   Core 119 'DSP48' <Latency = 3> <II = 1> <Delay = 2.15> <IPBlock> <Opcode : '' 'add' 'sub' 'mul' 'select'> <InPorts = 0> <OutPorts = 1> <Sync> <CReg>
ST_3 : Operation 50 [3/3] (1.05ns) (grouped into DSP with root node add_ln39_8)   --->   "%acc_2 = mul i8 %weights_0_read, i8 %img_in_1_read" [conv2D0.cpp:39]   --->   Operation 50 'mul' 'acc_2' <Predicate = true> <Delay = 1.05> <CoreInst = "DSP48">   --->   Core 119 'DSP48' <Latency = 3> <II = 1> <Delay = 2.15> <IPBlock> <Opcode : '' 'add' 'sub' 'mul' 'select'> <InPorts = 0> <OutPorts = 1> <Sync> <CReg>
ST_3 : Operation 51 [3/3] (1.05ns) (grouped into DSP with root node add_ln39_9)   --->   "%mul_ln39_11 = mul i8 %weights_3_read, i8 %img_in_5_read" [conv2D0.cpp:39]   --->   Operation 51 'mul' 'mul_ln39_11' <Predicate = true> <Delay = 1.05> <CoreInst = "DSP48">   --->   Core 119 'DSP48' <Latency = 3> <II = 1> <Delay = 2.15> <IPBlock> <Opcode : '' 'add' 'sub' 'mul' 'select'> <InPorts = 0> <OutPorts = 1> <Sync> <CReg>
ST_3 : Operation 52 [2/3] (1.05ns) (grouped into DSP with root node add_ln39_11)   --->   "%mul_ln39_13 = mul i8 %weights_5_read, i8 %img_in_7_read" [conv2D0.cpp:39]   --->   Operation 52 'mul' 'mul_ln39_13' <Predicate = true> <Delay = 1.05> <CoreInst = "DSP48">   --->   Core 119 'DSP48' <Latency = 3> <II = 1> <Delay = 2.15> <IPBlock> <Opcode : '' 'add' 'sub' 'mul' 'select'> <InPorts = 0> <OutPorts = 1> <Sync> <CReg>
ST_3 : Operation 53 [2/3] (1.05ns) (grouped into DSP with root node add_ln39_13)   --->   "%mul_ln39_14 = mul i8 %weights_6_read, i8 %img_in_9_read" [conv2D0.cpp:39]   --->   Operation 53 'mul' 'mul_ln39_14' <Predicate = true> <Delay = 1.05> <CoreInst = "DSP48">   --->   Core 119 'DSP48' <Latency = 3> <II = 1> <Delay = 2.15> <IPBlock> <Opcode : '' 'add' 'sub' 'mul' 'select'> <InPorts = 0> <OutPorts = 1> <Sync> <CReg>
ST_3 : Operation 54 [1/1] (4.17ns)   --->   "%mul_ln39_15 = mul i8 %weights_7_read, i8 %img_in_10_read" [conv2D0.cpp:39]   --->   Operation 54 'mul' 'mul_ln39_15' <Predicate = true> <Delay = 4.17> <CoreInst = "Multiplier">   --->   Core 3 'Multiplier' <Latency = 0> <II = 1> <Delay = 4.17> <FuncUnit> <Opcode : 'mul'> <InPorts = 2> <OutPorts = 1>
ST_3 : Operation 55 [1/3] (0.00ns) (grouped into DSP with root node add_ln39_12)   --->   "%mul_ln39_16 = mul i8 %weights_8_read, i8 %img_in_11_read" [conv2D0.cpp:39]   --->   Operation 55 'mul' 'mul_ln39_16' <Predicate = true> <Delay = 0.00> <CoreInst = "DSP48">   --->   Core 119 'DSP48' <Latency = 3> <II = 1> <Delay = 2.15> <IPBlock> <Opcode : '' 'add' 'sub' 'mul' 'select'> <InPorts = 0> <OutPorts = 1> <Sync> <CReg>
ST_3 : Operation 56 [2/2] (2.10ns) (root node of the DSP)   --->   "%add_ln39_12 = add i8 %mul_ln39_15, i8 %mul_ln39_16" [conv2D0.cpp:39]   --->   Operation 56 'add' 'add_ln39_12' <Predicate = true> <Delay = 2.10> <CoreInst = "DSP48">   --->   Core 119 'DSP48' <Latency = 3> <II = 1> <Delay = 2.15> <IPBlock> <Opcode : '' 'add' 'sub' 'mul' 'select'> <InPorts = 0> <OutPorts = 1> <Sync> <CReg>
ST_3 : Operation 57 [3/3] (1.05ns) (grouped into DSP with root node add_ln39_16)   --->   "%acc_4 = mul i8 %weights_0_read, i8 %img_in_4_read" [conv2D0.cpp:39]   --->   Operation 57 'mul' 'acc_4' <Predicate = true> <Delay = 1.05> <CoreInst = "DSP48">   --->   Core 119 'DSP48' <Latency = 3> <II = 1> <Delay = 2.15> <IPBlock> <Opcode : '' 'add' 'sub' 'mul' 'select'> <InPorts = 0> <OutPorts = 1> <Sync> <CReg>
ST_3 : Operation 58 [3/3] (1.05ns) (grouped into DSP with root node add_ln39_17)   --->   "%mul_ln39_20 = mul i8 %weights_3_read, i8 %img_in_8_read" [conv2D0.cpp:39]   --->   Operation 58 'mul' 'mul_ln39_20' <Predicate = true> <Delay = 1.05> <CoreInst = "DSP48">   --->   Core 119 'DSP48' <Latency = 3> <II = 1> <Delay = 2.15> <IPBlock> <Opcode : '' 'add' 'sub' 'mul' 'select'> <InPorts = 0> <OutPorts = 1> <Sync> <CReg>
ST_3 : Operation 59 [2/3] (1.05ns) (grouped into DSP with root node add_ln39_19)   --->   "%mul_ln39_22 = mul i8 %weights_5_read, i8 %img_in_10_read" [conv2D0.cpp:39]   --->   Operation 59 'mul' 'mul_ln39_22' <Predicate = true> <Delay = 1.05> <CoreInst = "DSP48">   --->   Core 119 'DSP48' <Latency = 3> <II = 1> <Delay = 2.15> <IPBlock> <Opcode : '' 'add' 'sub' 'mul' 'select'> <InPorts = 0> <OutPorts = 1> <Sync> <CReg>
ST_3 : Operation 60 [2/3] (1.05ns) (grouped into DSP with root node add_ln39_21)   --->   "%mul_ln39_23 = mul i8 %weights_6_read, i8 %img_in_12_read" [conv2D0.cpp:39]   --->   Operation 60 'mul' 'mul_ln39_23' <Predicate = true> <Delay = 1.05> <CoreInst = "DSP48">   --->   Core 119 'DSP48' <Latency = 3> <II = 1> <Delay = 2.15> <IPBlock> <Opcode : '' 'add' 'sub' 'mul' 'select'> <InPorts = 0> <OutPorts = 1> <Sync> <CReg>
ST_3 : Operation 61 [1/1] (4.17ns)   --->   "%mul_ln39_24 = mul i8 %weights_7_read, i8 %img_in_13_read" [conv2D0.cpp:39]   --->   Operation 61 'mul' 'mul_ln39_24' <Predicate = true> <Delay = 4.17> <CoreInst = "Multiplier">   --->   Core 3 'Multiplier' <Latency = 0> <II = 1> <Delay = 4.17> <FuncUnit> <Opcode : 'mul'> <InPorts = 2> <OutPorts = 1>
ST_3 : Operation 62 [1/3] (0.00ns) (grouped into DSP with root node add_ln39_20)   --->   "%mul_ln39_25 = mul i8 %weights_8_read, i8 %img_in_14_read" [conv2D0.cpp:39]   --->   Operation 62 'mul' 'mul_ln39_25' <Predicate = true> <Delay = 0.00> <CoreInst = "DSP48">   --->   Core 119 'DSP48' <Latency = 3> <II = 1> <Delay = 2.15> <IPBlock> <Opcode : '' 'add' 'sub' 'mul' 'select'> <InPorts = 0> <OutPorts = 1> <Sync> <CReg>
ST_3 : Operation 63 [2/2] (2.10ns) (root node of the DSP)   --->   "%add_ln39_20 = add i8 %mul_ln39_24, i8 %mul_ln39_25" [conv2D0.cpp:39]   --->   Operation 63 'add' 'add_ln39_20' <Predicate = true> <Delay = 2.10> <CoreInst = "DSP48">   --->   Core 119 'DSP48' <Latency = 3> <II = 1> <Delay = 2.15> <IPBlock> <Opcode : '' 'add' 'sub' 'mul' 'select'> <InPorts = 0> <OutPorts = 1> <Sync> <CReg>
ST_3 : Operation 64 [3/3] (1.05ns) (grouped into DSP with root node add_ln39_24)   --->   "%acc_6 = mul i8 %weights_0_read, i8 %img_in_5_read" [conv2D0.cpp:39]   --->   Operation 64 'mul' 'acc_6' <Predicate = true> <Delay = 1.05> <CoreInst = "DSP48">   --->   Core 119 'DSP48' <Latency = 3> <II = 1> <Delay = 2.15> <IPBlock> <Opcode : '' 'add' 'sub' 'mul' 'select'> <InPorts = 0> <OutPorts = 1> <Sync> <CReg>
ST_3 : Operation 65 [3/3] (1.05ns) (grouped into DSP with root node add_ln39_25)   --->   "%mul_ln39_29 = mul i8 %weights_3_read, i8 %img_in_9_read" [conv2D0.cpp:39]   --->   Operation 65 'mul' 'mul_ln39_29' <Predicate = true> <Delay = 1.05> <CoreInst = "DSP48">   --->   Core 119 'DSP48' <Latency = 3> <II = 1> <Delay = 2.15> <IPBlock> <Opcode : '' 'add' 'sub' 'mul' 'select'> <InPorts = 0> <OutPorts = 1> <Sync> <CReg>
ST_3 : Operation 66 [2/3] (1.05ns) (grouped into DSP with root node add_ln39_27)   --->   "%mul_ln39_31 = mul i8 %weights_5_read, i8 %img_in_11_read" [conv2D0.cpp:39]   --->   Operation 66 'mul' 'mul_ln39_31' <Predicate = true> <Delay = 1.05> <CoreInst = "DSP48">   --->   Core 119 'DSP48' <Latency = 3> <II = 1> <Delay = 2.15> <IPBlock> <Opcode : '' 'add' 'sub' 'mul' 'select'> <InPorts = 0> <OutPorts = 1> <Sync> <CReg>
ST_3 : Operation 67 [2/3] (1.05ns) (grouped into DSP with root node add_ln39_29)   --->   "%mul_ln39_32 = mul i8 %weights_6_read, i8 %img_in_13_read" [conv2D0.cpp:39]   --->   Operation 67 'mul' 'mul_ln39_32' <Predicate = true> <Delay = 1.05> <CoreInst = "DSP48">   --->   Core 119 'DSP48' <Latency = 3> <II = 1> <Delay = 2.15> <IPBlock> <Opcode : '' 'add' 'sub' 'mul' 'select'> <InPorts = 0> <OutPorts = 1> <Sync> <CReg>
ST_3 : Operation 68 [1/1] (4.17ns)   --->   "%mul_ln39_33 = mul i8 %weights_7_read, i8 %img_in_14_read" [conv2D0.cpp:39]   --->   Operation 68 'mul' 'mul_ln39_33' <Predicate = true> <Delay = 4.17> <CoreInst = "Multiplier">   --->   Core 3 'Multiplier' <Latency = 0> <II = 1> <Delay = 4.17> <FuncUnit> <Opcode : 'mul'> <InPorts = 2> <OutPorts = 1>
ST_3 : Operation 69 [1/3] (0.00ns) (grouped into DSP with root node add_ln39_28)   --->   "%mul_ln39_34 = mul i8 %weights_8_read, i8 %img_in_15_read" [conv2D0.cpp:39]   --->   Operation 69 'mul' 'mul_ln39_34' <Predicate = true> <Delay = 0.00> <CoreInst = "DSP48">   --->   Core 119 'DSP48' <Latency = 3> <II = 1> <Delay = 2.15> <IPBlock> <Opcode : '' 'add' 'sub' 'mul' 'select'> <InPorts = 0> <OutPorts = 1> <Sync> <CReg>
ST_3 : Operation 70 [2/2] (2.10ns) (root node of the DSP)   --->   "%add_ln39_28 = add i8 %mul_ln39_33, i8 %mul_ln39_34" [conv2D0.cpp:39]   --->   Operation 70 'add' 'add_ln39_28' <Predicate = true> <Delay = 2.10> <CoreInst = "DSP48">   --->   Core 119 'DSP48' <Latency = 3> <II = 1> <Delay = 2.15> <IPBlock> <Opcode : '' 'add' 'sub' 'mul' 'select'> <InPorts = 0> <OutPorts = 1> <Sync> <CReg>

State 4 <SV = 3> <Delay = 6.27>
ST_4 : Operation 71 [1/1] (0.00ns)   --->   "%weights_4_read = read i8 @_ssdm_op_Read.ap_auto.i8P0A, i8 %weights_4" [conv2D0.cpp:26]   --->   Operation 71 'read' 'weights_4_read' <Predicate = true> <Delay = 0.00>
ST_4 : Operation 72 [2/3] (1.05ns) (grouped into DSP with root node add_ln39)   --->   "%acc = mul i8 %weights_0_read, i8 %img_in_0_read" [conv2D0.cpp:39]   --->   Operation 72 'mul' 'acc' <Predicate = true> <Delay = 1.05> <CoreInst = "DSP48">   --->   Core 119 'DSP48' <Latency = 3> <II = 1> <Delay = 2.15> <IPBlock> <Opcode : '' 'add' 'sub' 'mul' 'select'> <InPorts = 0> <OutPorts = 1> <Sync> <CReg>
ST_4 : Operation 73 [2/3] (1.05ns) (grouped into DSP with root node add_ln39_1)   --->   "%mul_ln39_2 = mul i8 %weights_3_read, i8 %img_in_4_read" [conv2D0.cpp:39]   --->   Operation 73 'mul' 'mul_ln39_2' <Predicate = true> <Delay = 1.05> <CoreInst = "DSP48">   --->   Core 119 'DSP48' <Latency = 3> <II = 1> <Delay = 2.15> <IPBlock> <Opcode : '' 'add' 'sub' 'mul' 'select'> <InPorts = 0> <OutPorts = 1> <Sync> <CReg>
ST_4 : Operation 74 [1/1] (4.17ns)   --->   "%mul_ln39_3 = mul i8 %weights_4_read, i8 %img_in_5_read" [conv2D0.cpp:39]   --->   Operation 74 'mul' 'mul_ln39_3' <Predicate = true> <Delay = 4.17> <CoreInst = "Multiplier">   --->   Core 3 'Multiplier' <Latency = 0> <II = 1> <Delay = 4.17> <FuncUnit> <Opcode : 'mul'> <InPorts = 2> <OutPorts = 1>
ST_4 : Operation 75 [1/3] (0.00ns) (grouped into DSP with root node add_ln39_3)   --->   "%mul_ln39_4 = mul i8 %weights_5_read, i8 %img_in_6_read" [conv2D0.cpp:39]   --->   Operation 75 'mul' 'mul_ln39_4' <Predicate = true> <Delay = 0.00> <CoreInst = "DSP48">   --->   Core 119 'DSP48' <Latency = 3> <II = 1> <Delay = 2.15> <IPBlock> <Opcode : '' 'add' 'sub' 'mul' 'select'> <InPorts = 0> <OutPorts = 1> <Sync> <CReg>
ST_4 : Operation 76 [1/3] (0.00ns) (grouped into DSP with root node add_ln39_5)   --->   "%mul_ln39_5 = mul i8 %weights_6_read, i8 %img_in_8_read" [conv2D0.cpp:39]   --->   Operation 76 'mul' 'mul_ln39_5' <Predicate = true> <Delay = 0.00> <CoreInst = "DSP48">   --->   Core 119 'DSP48' <Latency = 3> <II = 1> <Delay = 2.15> <IPBlock> <Opcode : '' 'add' 'sub' 'mul' 'select'> <InPorts = 0> <OutPorts = 1> <Sync> <CReg>
ST_4 : Operation 77 [2/2] (2.10ns) (root node of the DSP)   --->   "%add_ln39_3 = add i8 %mul_ln39_3, i8 %mul_ln39_4" [conv2D0.cpp:39]   --->   Operation 77 'add' 'add_ln39_3' <Predicate = true> <Delay = 2.10> <CoreInst = "DSP48">   --->   Core 119 'DSP48' <Latency = 3> <II = 1> <Delay = 2.15> <IPBlock> <Opcode : '' 'add' 'sub' 'mul' 'select'> <InPorts = 0> <OutPorts = 1> <Sync> <CReg>
ST_4 : Operation 78 [1/2] (2.10ns) (root node of the DSP)   --->   "%add_ln39_4 = add i8 %mul_ln39_6, i8 %mul_ln39_7" [conv2D0.cpp:39]   --->   Operation 78 'add' 'add_ln39_4' <Predicate = true> <Delay = 2.10> <CoreInst = "DSP48">   --->   Core 119 'DSP48' <Latency = 3> <II = 1> <Delay = 2.15> <IPBlock> <Opcode : '' 'add' 'sub' 'mul' 'select'> <InPorts = 0> <OutPorts = 1> <Sync> <CReg>
ST_4 : Operation 79 [2/2] (2.10ns) (root node of the DSP)   --->   "%add_ln39_5 = add i8 %add_ln39_4, i8 %mul_ln39_5" [conv2D0.cpp:39]   --->   Operation 79 'add' 'add_ln39_5' <Predicate = true> <Delay = 2.10> <CoreInst = "DSP48">   --->   Core 119 'DSP48' <Latency = 3> <II = 1> <Delay = 2.15> <IPBlock> <Opcode : '' 'add' 'sub' 'mul' 'select'> <InPorts = 0> <OutPorts = 1> <Sync> <CReg>
ST_4 : Operation 80 [2/3] (1.05ns) (grouped into DSP with root node add_ln39_8)   --->   "%acc_2 = mul i8 %weights_0_read, i8 %img_in_1_read" [conv2D0.cpp:39]   --->   Operation 80 'mul' 'acc_2' <Predicate = true> <Delay = 1.05> <CoreInst = "DSP48">   --->   Core 119 'DSP48' <Latency = 3> <II = 1> <Delay = 2.15> <IPBlock> <Opcode : '' 'add' 'sub' 'mul' 'select'> <InPorts = 0> <OutPorts = 1> <Sync> <CReg>
ST_4 : Operation 81 [2/3] (1.05ns) (grouped into DSP with root node add_ln39_9)   --->   "%mul_ln39_11 = mul i8 %weights_3_read, i8 %img_in_5_read" [conv2D0.cpp:39]   --->   Operation 81 'mul' 'mul_ln39_11' <Predicate = true> <Delay = 1.05> <CoreInst = "DSP48">   --->   Core 119 'DSP48' <Latency = 3> <II = 1> <Delay = 2.15> <IPBlock> <Opcode : '' 'add' 'sub' 'mul' 'select'> <InPorts = 0> <OutPorts = 1> <Sync> <CReg>
ST_4 : Operation 82 [1/1] (4.17ns)   --->   "%mul_ln39_12 = mul i8 %weights_4_read, i8 %img_in_6_read" [conv2D0.cpp:39]   --->   Operation 82 'mul' 'mul_ln39_12' <Predicate = true> <Delay = 4.17> <CoreInst = "Multiplier">   --->   Core 3 'Multiplier' <Latency = 0> <II = 1> <Delay = 4.17> <FuncUnit> <Opcode : 'mul'> <InPorts = 2> <OutPorts = 1>
ST_4 : Operation 83 [1/3] (0.00ns) (grouped into DSP with root node add_ln39_11)   --->   "%mul_ln39_13 = mul i8 %weights_5_read, i8 %img_in_7_read" [conv2D0.cpp:39]   --->   Operation 83 'mul' 'mul_ln39_13' <Predicate = true> <Delay = 0.00> <CoreInst = "DSP48">   --->   Core 119 'DSP48' <Latency = 3> <II = 1> <Delay = 2.15> <IPBlock> <Opcode : '' 'add' 'sub' 'mul' 'select'> <InPorts = 0> <OutPorts = 1> <Sync> <CReg>
ST_4 : Operation 84 [1/3] (0.00ns) (grouped into DSP with root node add_ln39_13)   --->   "%mul_ln39_14 = mul i8 %weights_6_read, i8 %img_in_9_read" [conv2D0.cpp:39]   --->   Operation 84 'mul' 'mul_ln39_14' <Predicate = true> <Delay = 0.00> <CoreInst = "DSP48">   --->   Core 119 'DSP48' <Latency = 3> <II = 1> <Delay = 2.15> <IPBlock> <Opcode : '' 'add' 'sub' 'mul' 'select'> <InPorts = 0> <OutPorts = 1> <Sync> <CReg>
ST_4 : Operation 85 [2/2] (2.10ns) (root node of the DSP)   --->   "%add_ln39_11 = add i8 %mul_ln39_12, i8 %mul_ln39_13" [conv2D0.cpp:39]   --->   Operation 85 'add' 'add_ln39_11' <Predicate = true> <Delay = 2.10> <CoreInst = "DSP48">   --->   Core 119 'DSP48' <Latency = 3> <II = 1> <Delay = 2.15> <IPBlock> <Opcode : '' 'add' 'sub' 'mul' 'select'> <InPorts = 0> <OutPorts = 1> <Sync> <CReg>
ST_4 : Operation 86 [1/2] (2.10ns) (root node of the DSP)   --->   "%add_ln39_12 = add i8 %mul_ln39_15, i8 %mul_ln39_16" [conv2D0.cpp:39]   --->   Operation 86 'add' 'add_ln39_12' <Predicate = true> <Delay = 2.10> <CoreInst = "DSP48">   --->   Core 119 'DSP48' <Latency = 3> <II = 1> <Delay = 2.15> <IPBlock> <Opcode : '' 'add' 'sub' 'mul' 'select'> <InPorts = 0> <OutPorts = 1> <Sync> <CReg>
ST_4 : Operation 87 [2/2] (2.10ns) (root node of the DSP)   --->   "%add_ln39_13 = add i8 %add_ln39_12, i8 %mul_ln39_14" [conv2D0.cpp:39]   --->   Operation 87 'add' 'add_ln39_13' <Predicate = true> <Delay = 2.10> <CoreInst = "DSP48">   --->   Core 119 'DSP48' <Latency = 3> <II = 1> <Delay = 2.15> <IPBlock> <Opcode : '' 'add' 'sub' 'mul' 'select'> <InPorts = 0> <OutPorts = 1> <Sync> <CReg>
ST_4 : Operation 88 [2/3] (1.05ns) (grouped into DSP with root node add_ln39_16)   --->   "%acc_4 = mul i8 %weights_0_read, i8 %img_in_4_read" [conv2D0.cpp:39]   --->   Operation 88 'mul' 'acc_4' <Predicate = true> <Delay = 1.05> <CoreInst = "DSP48">   --->   Core 119 'DSP48' <Latency = 3> <II = 1> <Delay = 2.15> <IPBlock> <Opcode : '' 'add' 'sub' 'mul' 'select'> <InPorts = 0> <OutPorts = 1> <Sync> <CReg>
ST_4 : Operation 89 [2/3] (1.05ns) (grouped into DSP with root node add_ln39_17)   --->   "%mul_ln39_20 = mul i8 %weights_3_read, i8 %img_in_8_read" [conv2D0.cpp:39]   --->   Operation 89 'mul' 'mul_ln39_20' <Predicate = true> <Delay = 1.05> <CoreInst = "DSP48">   --->   Core 119 'DSP48' <Latency = 3> <II = 1> <Delay = 2.15> <IPBlock> <Opcode : '' 'add' 'sub' 'mul' 'select'> <InPorts = 0> <OutPorts = 1> <Sync> <CReg>
ST_4 : Operation 90 [1/1] (4.17ns)   --->   "%mul_ln39_21 = mul i8 %weights_4_read, i8 %img_in_9_read" [conv2D0.cpp:39]   --->   Operation 90 'mul' 'mul_ln39_21' <Predicate = true> <Delay = 4.17> <CoreInst = "Multiplier">   --->   Core 3 'Multiplier' <Latency = 0> <II = 1> <Delay = 4.17> <FuncUnit> <Opcode : 'mul'> <InPorts = 2> <OutPorts = 1>
ST_4 : Operation 91 [1/3] (0.00ns) (grouped into DSP with root node add_ln39_19)   --->   "%mul_ln39_22 = mul i8 %weights_5_read, i8 %img_in_10_read" [conv2D0.cpp:39]   --->   Operation 91 'mul' 'mul_ln39_22' <Predicate = true> <Delay = 0.00> <CoreInst = "DSP48">   --->   Core 119 'DSP48' <Latency = 3> <II = 1> <Delay = 2.15> <IPBlock> <Opcode : '' 'add' 'sub' 'mul' 'select'> <InPorts = 0> <OutPorts = 1> <Sync> <CReg>
ST_4 : Operation 92 [1/3] (0.00ns) (grouped into DSP with root node add_ln39_21)   --->   "%mul_ln39_23 = mul i8 %weights_6_read, i8 %img_in_12_read" [conv2D0.cpp:39]   --->   Operation 92 'mul' 'mul_ln39_23' <Predicate = true> <Delay = 0.00> <CoreInst = "DSP48">   --->   Core 119 'DSP48' <Latency = 3> <II = 1> <Delay = 2.15> <IPBlock> <Opcode : '' 'add' 'sub' 'mul' 'select'> <InPorts = 0> <OutPorts = 1> <Sync> <CReg>
ST_4 : Operation 93 [2/2] (2.10ns) (root node of the DSP)   --->   "%add_ln39_19 = add i8 %mul_ln39_21, i8 %mul_ln39_22" [conv2D0.cpp:39]   --->   Operation 93 'add' 'add_ln39_19' <Predicate = true> <Delay = 2.10> <CoreInst = "DSP48">   --->   Core 119 'DSP48' <Latency = 3> <II = 1> <Delay = 2.15> <IPBlock> <Opcode : '' 'add' 'sub' 'mul' 'select'> <InPorts = 0> <OutPorts = 1> <Sync> <CReg>
ST_4 : Operation 94 [1/2] (2.10ns) (root node of the DSP)   --->   "%add_ln39_20 = add i8 %mul_ln39_24, i8 %mul_ln39_25" [conv2D0.cpp:39]   --->   Operation 94 'add' 'add_ln39_20' <Predicate = true> <Delay = 2.10> <CoreInst = "DSP48">   --->   Core 119 'DSP48' <Latency = 3> <II = 1> <Delay = 2.15> <IPBlock> <Opcode : '' 'add' 'sub' 'mul' 'select'> <InPorts = 0> <OutPorts = 1> <Sync> <CReg>
ST_4 : Operation 95 [2/2] (2.10ns) (root node of the DSP)   --->   "%add_ln39_21 = add i8 %add_ln39_20, i8 %mul_ln39_23" [conv2D0.cpp:39]   --->   Operation 95 'add' 'add_ln39_21' <Predicate = true> <Delay = 2.10> <CoreInst = "DSP48">   --->   Core 119 'DSP48' <Latency = 3> <II = 1> <Delay = 2.15> <IPBlock> <Opcode : '' 'add' 'sub' 'mul' 'select'> <InPorts = 0> <OutPorts = 1> <Sync> <CReg>
ST_4 : Operation 96 [2/3] (1.05ns) (grouped into DSP with root node add_ln39_24)   --->   "%acc_6 = mul i8 %weights_0_read, i8 %img_in_5_read" [conv2D0.cpp:39]   --->   Operation 96 'mul' 'acc_6' <Predicate = true> <Delay = 1.05> <CoreInst = "DSP48">   --->   Core 119 'DSP48' <Latency = 3> <II = 1> <Delay = 2.15> <IPBlock> <Opcode : '' 'add' 'sub' 'mul' 'select'> <InPorts = 0> <OutPorts = 1> <Sync> <CReg>
ST_4 : Operation 97 [2/3] (1.05ns) (grouped into DSP with root node add_ln39_25)   --->   "%mul_ln39_29 = mul i8 %weights_3_read, i8 %img_in_9_read" [conv2D0.cpp:39]   --->   Operation 97 'mul' 'mul_ln39_29' <Predicate = true> <Delay = 1.05> <CoreInst = "DSP48">   --->   Core 119 'DSP48' <Latency = 3> <II = 1> <Delay = 2.15> <IPBlock> <Opcode : '' 'add' 'sub' 'mul' 'select'> <InPorts = 0> <OutPorts = 1> <Sync> <CReg>
ST_4 : Operation 98 [1/1] (4.17ns)   --->   "%mul_ln39_30 = mul i8 %weights_4_read, i8 %img_in_10_read" [conv2D0.cpp:39]   --->   Operation 98 'mul' 'mul_ln39_30' <Predicate = true> <Delay = 4.17> <CoreInst = "Multiplier">   --->   Core 3 'Multiplier' <Latency = 0> <II = 1> <Delay = 4.17> <FuncUnit> <Opcode : 'mul'> <InPorts = 2> <OutPorts = 1>
ST_4 : Operation 99 [1/3] (0.00ns) (grouped into DSP with root node add_ln39_27)   --->   "%mul_ln39_31 = mul i8 %weights_5_read, i8 %img_in_11_read" [conv2D0.cpp:39]   --->   Operation 99 'mul' 'mul_ln39_31' <Predicate = true> <Delay = 0.00> <CoreInst = "DSP48">   --->   Core 119 'DSP48' <Latency = 3> <II = 1> <Delay = 2.15> <IPBlock> <Opcode : '' 'add' 'sub' 'mul' 'select'> <InPorts = 0> <OutPorts = 1> <Sync> <CReg>
ST_4 : Operation 100 [1/3] (0.00ns) (grouped into DSP with root node add_ln39_29)   --->   "%mul_ln39_32 = mul i8 %weights_6_read, i8 %img_in_13_read" [conv2D0.cpp:39]   --->   Operation 100 'mul' 'mul_ln39_32' <Predicate = true> <Delay = 0.00> <CoreInst = "DSP48">   --->   Core 119 'DSP48' <Latency = 3> <II = 1> <Delay = 2.15> <IPBlock> <Opcode : '' 'add' 'sub' 'mul' 'select'> <InPorts = 0> <OutPorts = 1> <Sync> <CReg>
ST_4 : Operation 101 [2/2] (2.10ns) (root node of the DSP)   --->   "%add_ln39_27 = add i8 %mul_ln39_30, i8 %mul_ln39_31" [conv2D0.cpp:39]   --->   Operation 101 'add' 'add_ln39_27' <Predicate = true> <Delay = 2.10> <CoreInst = "DSP48">   --->   Core 119 'DSP48' <Latency = 3> <II = 1> <Delay = 2.15> <IPBlock> <Opcode : '' 'add' 'sub' 'mul' 'select'> <InPorts = 0> <OutPorts = 1> <Sync> <CReg>
ST_4 : Operation 102 [1/2] (2.10ns) (root node of the DSP)   --->   "%add_ln39_28 = add i8 %mul_ln39_33, i8 %mul_ln39_34" [conv2D0.cpp:39]   --->   Operation 102 'add' 'add_ln39_28' <Predicate = true> <Delay = 2.10> <CoreInst = "DSP48">   --->   Core 119 'DSP48' <Latency = 3> <II = 1> <Delay = 2.15> <IPBlock> <Opcode : '' 'add' 'sub' 'mul' 'select'> <InPorts = 0> <OutPorts = 1> <Sync> <CReg>
ST_4 : Operation 103 [2/2] (2.10ns) (root node of the DSP)   --->   "%add_ln39_29 = add i8 %add_ln39_28, i8 %mul_ln39_32" [conv2D0.cpp:39]   --->   Operation 103 'add' 'add_ln39_29' <Predicate = true> <Delay = 2.10> <CoreInst = "DSP48">   --->   Core 119 'DSP48' <Latency = 3> <II = 1> <Delay = 2.15> <IPBlock> <Opcode : '' 'add' 'sub' 'mul' 'select'> <InPorts = 0> <OutPorts = 1> <Sync> <CReg>

State 5 <SV = 4> <Delay = 6.27>
ST_5 : Operation 104 [1/1] (0.00ns)   --->   "%img_in_2_read = read i8 @_ssdm_op_Read.ap_auto.i8P0A, i8 %img_in_2" [conv2D0.cpp:23]   --->   Operation 104 'read' 'img_in_2_read' <Predicate = true> <Delay = 0.00>
ST_5 : Operation 105 [1/1] (0.00ns)   --->   "%img_in_3_read = read i8 @_ssdm_op_Read.ap_auto.i8P0A, i8 %img_in_3" [conv2D0.cpp:23]   --->   Operation 105 'read' 'img_in_3_read' <Predicate = true> <Delay = 0.00>
ST_5 : Operation 106 [1/1] (0.00ns)   --->   "%weights_1_read = read i8 @_ssdm_op_Read.ap_auto.i8P0A, i8 %weights_1" [conv2D0.cpp:26]   --->   Operation 106 'read' 'weights_1_read' <Predicate = true> <Delay = 0.00>
ST_5 : Operation 107 [1/1] (0.00ns)   --->   "%weights_2_read = read i8 @_ssdm_op_Read.ap_auto.i8P0A, i8 %weights_2" [conv2D0.cpp:26]   --->   Operation 107 'read' 'weights_2_read' <Predicate = true> <Delay = 0.00>
ST_5 : Operation 108 [1/3] (0.00ns) (grouped into DSP with root node add_ln39)   --->   "%acc = mul i8 %weights_0_read, i8 %img_in_0_read" [conv2D0.cpp:39]   --->   Operation 108 'mul' 'acc' <Predicate = true> <Delay = 0.00> <CoreInst = "DSP48">   --->   Core 119 'DSP48' <Latency = 3> <II = 1> <Delay = 2.15> <IPBlock> <Opcode : '' 'add' 'sub' 'mul' 'select'> <InPorts = 0> <OutPorts = 1> <Sync> <CReg>
ST_5 : Operation 109 [1/1] (4.17ns)   --->   "%mul_ln39 = mul i8 %weights_1_read, i8 %img_in_1_read" [conv2D0.cpp:39]   --->   Operation 109 'mul' 'mul_ln39' <Predicate = true> <Delay = 4.17> <CoreInst = "Multiplier">   --->   Core 3 'Multiplier' <Latency = 0> <II = 1> <Delay = 4.17> <FuncUnit> <Opcode : 'mul'> <InPorts = 2> <OutPorts = 1>
ST_5 : Operation 110 [1/1] (4.17ns)   --->   "%mul_ln39_1 = mul i8 %weights_2_read, i8 %img_in_2_read" [conv2D0.cpp:39]   --->   Operation 110 'mul' 'mul_ln39_1' <Predicate = true> <Delay = 4.17> <CoreInst = "Multiplier">   --->   Core 3 'Multiplier' <Latency = 0> <II = 1> <Delay = 4.17> <FuncUnit> <Opcode : 'mul'> <InPorts = 2> <OutPorts = 1>
ST_5 : Operation 111 [1/3] (0.00ns) (grouped into DSP with root node add_ln39_1)   --->   "%mul_ln39_2 = mul i8 %weights_3_read, i8 %img_in_4_read" [conv2D0.cpp:39]   --->   Operation 111 'mul' 'mul_ln39_2' <Predicate = true> <Delay = 0.00> <CoreInst = "DSP48">   --->   Core 119 'DSP48' <Latency = 3> <II = 1> <Delay = 2.15> <IPBlock> <Opcode : '' 'add' 'sub' 'mul' 'select'> <InPorts = 0> <OutPorts = 1> <Sync> <CReg>
ST_5 : Operation 112 [2/2] (2.10ns) (root node of the DSP)   --->   "%add_ln39 = add i8 %mul_ln39, i8 %acc" [conv2D0.cpp:39]   --->   Operation 112 'add' 'add_ln39' <Predicate = true> <Delay = 2.10> <CoreInst = "DSP48">   --->   Core 119 'DSP48' <Latency = 3> <II = 1> <Delay = 2.15> <IPBlock> <Opcode : '' 'add' 'sub' 'mul' 'select'> <InPorts = 0> <OutPorts = 1> <Sync> <CReg>
ST_5 : Operation 113 [2/2] (2.10ns) (root node of the DSP)   --->   "%add_ln39_1 = add i8 %mul_ln39_1, i8 %mul_ln39_2" [conv2D0.cpp:39]   --->   Operation 113 'add' 'add_ln39_1' <Predicate = true> <Delay = 2.10> <CoreInst = "DSP48">   --->   Core 119 'DSP48' <Latency = 3> <II = 1> <Delay = 2.15> <IPBlock> <Opcode : '' 'add' 'sub' 'mul' 'select'> <InPorts = 0> <OutPorts = 1> <Sync> <CReg>
ST_5 : Operation 114 [1/2] (2.10ns) (root node of the DSP)   --->   "%add_ln39_3 = add i8 %mul_ln39_3, i8 %mul_ln39_4" [conv2D0.cpp:39]   --->   Operation 114 'add' 'add_ln39_3' <Predicate = true> <Delay = 2.10> <CoreInst = "DSP48">   --->   Core 119 'DSP48' <Latency = 3> <II = 1> <Delay = 2.15> <IPBlock> <Opcode : '' 'add' 'sub' 'mul' 'select'> <InPorts = 0> <OutPorts = 1> <Sync> <CReg>
ST_5 : Operation 115 [1/2] (2.10ns) (root node of the DSP)   --->   "%add_ln39_5 = add i8 %add_ln39_4, i8 %mul_ln39_5" [conv2D0.cpp:39]   --->   Operation 115 'add' 'add_ln39_5' <Predicate = true> <Delay = 2.10> <CoreInst = "DSP48">   --->   Core 119 'DSP48' <Latency = 3> <II = 1> <Delay = 2.15> <IPBlock> <Opcode : '' 'add' 'sub' 'mul' 'select'> <InPorts = 0> <OutPorts = 1> <Sync> <CReg>
ST_5 : Operation 116 [1/1] (1.91ns)   --->   "%add_ln39_6 = add i8 %add_ln39_5, i8 %add_ln39_3" [conv2D0.cpp:39]   --->   Operation 116 'add' 'add_ln39_6' <Predicate = true> <Delay = 1.91> <CoreInst = "Adder">   --->   Core 1 'Adder' <Latency = 0> <II = 1> <Delay = 1.91> <FuncUnit> <Opcode : 'add' 'sub'> <InPorts = 2> <OutPorts = 1>
ST_5 : Operation 117 [1/3] (0.00ns) (grouped into DSP with root node add_ln39_8)   --->   "%acc_2 = mul i8 %weights_0_read, i8 %img_in_1_read" [conv2D0.cpp:39]   --->   Operation 117 'mul' 'acc_2' <Predicate = true> <Delay = 0.00> <CoreInst = "DSP48">   --->   Core 119 'DSP48' <Latency = 3> <II = 1> <Delay = 2.15> <IPBlock> <Opcode : '' 'add' 'sub' 'mul' 'select'> <InPorts = 0> <OutPorts = 1> <Sync> <CReg>
ST_5 : Operation 118 [1/1] (4.17ns)   --->   "%mul_ln39_9 = mul i8 %weights_1_read, i8 %img_in_2_read" [conv2D0.cpp:39]   --->   Operation 118 'mul' 'mul_ln39_9' <Predicate = true> <Delay = 4.17> <CoreInst = "Multiplier">   --->   Core 3 'Multiplier' <Latency = 0> <II = 1> <Delay = 4.17> <FuncUnit> <Opcode : 'mul'> <InPorts = 2> <OutPorts = 1>
ST_5 : Operation 119 [1/1] (4.17ns)   --->   "%mul_ln39_10 = mul i8 %weights_2_read, i8 %img_in_3_read" [conv2D0.cpp:39]   --->   Operation 119 'mul' 'mul_ln39_10' <Predicate = true> <Delay = 4.17> <CoreInst = "Multiplier">   --->   Core 3 'Multiplier' <Latency = 0> <II = 1> <Delay = 4.17> <FuncUnit> <Opcode : 'mul'> <InPorts = 2> <OutPorts = 1>
ST_5 : Operation 120 [1/3] (0.00ns) (grouped into DSP with root node add_ln39_9)   --->   "%mul_ln39_11 = mul i8 %weights_3_read, i8 %img_in_5_read" [conv2D0.cpp:39]   --->   Operation 120 'mul' 'mul_ln39_11' <Predicate = true> <Delay = 0.00> <CoreInst = "DSP48">   --->   Core 119 'DSP48' <Latency = 3> <II = 1> <Delay = 2.15> <IPBlock> <Opcode : '' 'add' 'sub' 'mul' 'select'> <InPorts = 0> <OutPorts = 1> <Sync> <CReg>
ST_5 : Operation 121 [2/2] (2.10ns) (root node of the DSP)   --->   "%add_ln39_8 = add i8 %mul_ln39_9, i8 %acc_2" [conv2D0.cpp:39]   --->   Operation 121 'add' 'add_ln39_8' <Predicate = true> <Delay = 2.10> <CoreInst = "DSP48">   --->   Core 119 'DSP48' <Latency = 3> <II = 1> <Delay = 2.15> <IPBlock> <Opcode : '' 'add' 'sub' 'mul' 'select'> <InPorts = 0> <OutPorts = 1> <Sync> <CReg>
ST_5 : Operation 122 [2/2] (2.10ns) (root node of the DSP)   --->   "%add_ln39_9 = add i8 %mul_ln39_10, i8 %mul_ln39_11" [conv2D0.cpp:39]   --->   Operation 122 'add' 'add_ln39_9' <Predicate = true> <Delay = 2.10> <CoreInst = "DSP48">   --->   Core 119 'DSP48' <Latency = 3> <II = 1> <Delay = 2.15> <IPBlock> <Opcode : '' 'add' 'sub' 'mul' 'select'> <InPorts = 0> <OutPorts = 1> <Sync> <CReg>
ST_5 : Operation 123 [1/2] (2.10ns) (root node of the DSP)   --->   "%add_ln39_11 = add i8 %mul_ln39_12, i8 %mul_ln39_13" [conv2D0.cpp:39]   --->   Operation 123 'add' 'add_ln39_11' <Predicate = true> <Delay = 2.10> <CoreInst = "DSP48">   --->   Core 119 'DSP48' <Latency = 3> <II = 1> <Delay = 2.15> <IPBlock> <Opcode : '' 'add' 'sub' 'mul' 'select'> <InPorts = 0> <OutPorts = 1> <Sync> <CReg>
ST_5 : Operation 124 [1/2] (2.10ns) (root node of the DSP)   --->   "%add_ln39_13 = add i8 %add_ln39_12, i8 %mul_ln39_14" [conv2D0.cpp:39]   --->   Operation 124 'add' 'add_ln39_13' <Predicate = true> <Delay = 2.10> <CoreInst = "DSP48">   --->   Core 119 'DSP48' <Latency = 3> <II = 1> <Delay = 2.15> <IPBlock> <Opcode : '' 'add' 'sub' 'mul' 'select'> <InPorts = 0> <OutPorts = 1> <Sync> <CReg>
ST_5 : Operation 125 [1/1] (1.91ns)   --->   "%add_ln39_14 = add i8 %add_ln39_13, i8 %add_ln39_11" [conv2D0.cpp:39]   --->   Operation 125 'add' 'add_ln39_14' <Predicate = true> <Delay = 1.91> <CoreInst = "Adder">   --->   Core 1 'Adder' <Latency = 0> <II = 1> <Delay = 1.91> <FuncUnit> <Opcode : 'add' 'sub'> <InPorts = 2> <OutPorts = 1>
ST_5 : Operation 126 [1/3] (0.00ns) (grouped into DSP with root node add_ln39_16)   --->   "%acc_4 = mul i8 %weights_0_read, i8 %img_in_4_read" [conv2D0.cpp:39]   --->   Operation 126 'mul' 'acc_4' <Predicate = true> <Delay = 0.00> <CoreInst = "DSP48">   --->   Core 119 'DSP48' <Latency = 3> <II = 1> <Delay = 2.15> <IPBlock> <Opcode : '' 'add' 'sub' 'mul' 'select'> <InPorts = 0> <OutPorts = 1> <Sync> <CReg>
ST_5 : Operation 127 [1/1] (4.17ns)   --->   "%mul_ln39_18 = mul i8 %weights_1_read, i8 %img_in_5_read" [conv2D0.cpp:39]   --->   Operation 127 'mul' 'mul_ln39_18' <Predicate = true> <Delay = 4.17> <CoreInst = "Multiplier">   --->   Core 3 'Multiplier' <Latency = 0> <II = 1> <Delay = 4.17> <FuncUnit> <Opcode : 'mul'> <InPorts = 2> <OutPorts = 1>
ST_5 : Operation 128 [1/1] (4.17ns)   --->   "%mul_ln39_19 = mul i8 %weights_2_read, i8 %img_in_6_read" [conv2D0.cpp:39]   --->   Operation 128 'mul' 'mul_ln39_19' <Predicate = true> <Delay = 4.17> <CoreInst = "Multiplier">   --->   Core 3 'Multiplier' <Latency = 0> <II = 1> <Delay = 4.17> <FuncUnit> <Opcode : 'mul'> <InPorts = 2> <OutPorts = 1>
ST_5 : Operation 129 [1/3] (0.00ns) (grouped into DSP with root node add_ln39_17)   --->   "%mul_ln39_20 = mul i8 %weights_3_read, i8 %img_in_8_read" [conv2D0.cpp:39]   --->   Operation 129 'mul' 'mul_ln39_20' <Predicate = true> <Delay = 0.00> <CoreInst = "DSP48">   --->   Core 119 'DSP48' <Latency = 3> <II = 1> <Delay = 2.15> <IPBlock> <Opcode : '' 'add' 'sub' 'mul' 'select'> <InPorts = 0> <OutPorts = 1> <Sync> <CReg>
ST_5 : Operation 130 [2/2] (2.10ns) (root node of the DSP)   --->   "%add_ln39_16 = add i8 %mul_ln39_18, i8 %acc_4" [conv2D0.cpp:39]   --->   Operation 130 'add' 'add_ln39_16' <Predicate = true> <Delay = 2.10> <CoreInst = "DSP48">   --->   Core 119 'DSP48' <Latency = 3> <II = 1> <Delay = 2.15> <IPBlock> <Opcode : '' 'add' 'sub' 'mul' 'select'> <InPorts = 0> <OutPorts = 1> <Sync> <CReg>
ST_5 : Operation 131 [2/2] (2.10ns) (root node of the DSP)   --->   "%add_ln39_17 = add i8 %mul_ln39_19, i8 %mul_ln39_20" [conv2D0.cpp:39]   --->   Operation 131 'add' 'add_ln39_17' <Predicate = true> <Delay = 2.10> <CoreInst = "DSP48">   --->   Core 119 'DSP48' <Latency = 3> <II = 1> <Delay = 2.15> <IPBlock> <Opcode : '' 'add' 'sub' 'mul' 'select'> <InPorts = 0> <OutPorts = 1> <Sync> <CReg>
ST_5 : Operation 132 [1/2] (2.10ns) (root node of the DSP)   --->   "%add_ln39_19 = add i8 %mul_ln39_21, i8 %mul_ln39_22" [conv2D0.cpp:39]   --->   Operation 132 'add' 'add_ln39_19' <Predicate = true> <Delay = 2.10> <CoreInst = "DSP48">   --->   Core 119 'DSP48' <Latency = 3> <II = 1> <Delay = 2.15> <IPBlock> <Opcode : '' 'add' 'sub' 'mul' 'select'> <InPorts = 0> <OutPorts = 1> <Sync> <CReg>
ST_5 : Operation 133 [1/2] (2.10ns) (root node of the DSP)   --->   "%add_ln39_21 = add i8 %add_ln39_20, i8 %mul_ln39_23" [conv2D0.cpp:39]   --->   Operation 133 'add' 'add_ln39_21' <Predicate = true> <Delay = 2.10> <CoreInst = "DSP48">   --->   Core 119 'DSP48' <Latency = 3> <II = 1> <Delay = 2.15> <IPBlock> <Opcode : '' 'add' 'sub' 'mul' 'select'> <InPorts = 0> <OutPorts = 1> <Sync> <CReg>
ST_5 : Operation 134 [1/1] (1.91ns)   --->   "%add_ln39_22 = add i8 %add_ln39_21, i8 %add_ln39_19" [conv2D0.cpp:39]   --->   Operation 134 'add' 'add_ln39_22' <Predicate = true> <Delay = 1.91> <CoreInst = "Adder">   --->   Core 1 'Adder' <Latency = 0> <II = 1> <Delay = 1.91> <FuncUnit> <Opcode : 'add' 'sub'> <InPorts = 2> <OutPorts = 1>
ST_5 : Operation 135 [1/3] (0.00ns) (grouped into DSP with root node add_ln39_24)   --->   "%acc_6 = mul i8 %weights_0_read, i8 %img_in_5_read" [conv2D0.cpp:39]   --->   Operation 135 'mul' 'acc_6' <Predicate = true> <Delay = 0.00> <CoreInst = "DSP48">   --->   Core 119 'DSP48' <Latency = 3> <II = 1> <Delay = 2.15> <IPBlock> <Opcode : '' 'add' 'sub' 'mul' 'select'> <InPorts = 0> <OutPorts = 1> <Sync> <CReg>
ST_5 : Operation 136 [1/1] (4.17ns)   --->   "%mul_ln39_27 = mul i8 %weights_1_read, i8 %img_in_6_read" [conv2D0.cpp:39]   --->   Operation 136 'mul' 'mul_ln39_27' <Predicate = true> <Delay = 4.17> <CoreInst = "Multiplier">   --->   Core 3 'Multiplier' <Latency = 0> <II = 1> <Delay = 4.17> <FuncUnit> <Opcode : 'mul'> <InPorts = 2> <OutPorts = 1>
ST_5 : Operation 137 [1/1] (4.17ns)   --->   "%mul_ln39_28 = mul i8 %weights_2_read, i8 %img_in_7_read" [conv2D0.cpp:39]   --->   Operation 137 'mul' 'mul_ln39_28' <Predicate = true> <Delay = 4.17> <CoreInst = "Multiplier">   --->   Core 3 'Multiplier' <Latency = 0> <II = 1> <Delay = 4.17> <FuncUnit> <Opcode : 'mul'> <InPorts = 2> <OutPorts = 1>
ST_5 : Operation 138 [1/3] (0.00ns) (grouped into DSP with root node add_ln39_25)   --->   "%mul_ln39_29 = mul i8 %weights_3_read, i8 %img_in_9_read" [conv2D0.cpp:39]   --->   Operation 138 'mul' 'mul_ln39_29' <Predicate = true> <Delay = 0.00> <CoreInst = "DSP48">   --->   Core 119 'DSP48' <Latency = 3> <II = 1> <Delay = 2.15> <IPBlock> <Opcode : '' 'add' 'sub' 'mul' 'select'> <InPorts = 0> <OutPorts = 1> <Sync> <CReg>
ST_5 : Operation 139 [2/2] (2.10ns) (root node of the DSP)   --->   "%add_ln39_24 = add i8 %mul_ln39_27, i8 %acc_6" [conv2D0.cpp:39]   --->   Operation 139 'add' 'add_ln39_24' <Predicate = true> <Delay = 2.10> <CoreInst = "DSP48">   --->   Core 119 'DSP48' <Latency = 3> <II = 1> <Delay = 2.15> <IPBlock> <Opcode : '' 'add' 'sub' 'mul' 'select'> <InPorts = 0> <OutPorts = 1> <Sync> <CReg>
ST_5 : Operation 140 [2/2] (2.10ns) (root node of the DSP)   --->   "%add_ln39_25 = add i8 %mul_ln39_28, i8 %mul_ln39_29" [conv2D0.cpp:39]   --->   Operation 140 'add' 'add_ln39_25' <Predicate = true> <Delay = 2.10> <CoreInst = "DSP48">   --->   Core 119 'DSP48' <Latency = 3> <II = 1> <Delay = 2.15> <IPBlock> <Opcode : '' 'add' 'sub' 'mul' 'select'> <InPorts = 0> <OutPorts = 1> <Sync> <CReg>
ST_5 : Operation 141 [1/2] (2.10ns) (root node of the DSP)   --->   "%add_ln39_27 = add i8 %mul_ln39_30, i8 %mul_ln39_31" [conv2D0.cpp:39]   --->   Operation 141 'add' 'add_ln39_27' <Predicate = true> <Delay = 2.10> <CoreInst = "DSP48">   --->   Core 119 'DSP48' <Latency = 3> <II = 1> <Delay = 2.15> <IPBlock> <Opcode : '' 'add' 'sub' 'mul' 'select'> <InPorts = 0> <OutPorts = 1> <Sync> <CReg>
ST_5 : Operation 142 [1/2] (2.10ns) (root node of the DSP)   --->   "%add_ln39_29 = add i8 %add_ln39_28, i8 %mul_ln39_32" [conv2D0.cpp:39]   --->   Operation 142 'add' 'add_ln39_29' <Predicate = true> <Delay = 2.10> <CoreInst = "DSP48">   --->   Core 119 'DSP48' <Latency = 3> <II = 1> <Delay = 2.15> <IPBlock> <Opcode : '' 'add' 'sub' 'mul' 'select'> <InPorts = 0> <OutPorts = 1> <Sync> <CReg>
ST_5 : Operation 143 [1/1] (1.91ns)   --->   "%add_ln39_30 = add i8 %add_ln39_29, i8 %add_ln39_27" [conv2D0.cpp:39]   --->   Operation 143 'add' 'add_ln39_30' <Predicate = true> <Delay = 1.91> <CoreInst = "Adder">   --->   Core 1 'Adder' <Latency = 0> <II = 1> <Delay = 1.91> <FuncUnit> <Opcode : 'add' 'sub'> <InPorts = 2> <OutPorts = 1>

State 6 <SV = 5> <Delay = 5.76>
ST_6 : Operation 144 [1/1] (0.00ns)   --->   "%spectopmodule_ln7 = spectopmodule void @_ssdm_op_SpecTopModule, void @empty_1" [conv2D0.cpp:7]   --->   Operation 144 'spectopmodule' 'spectopmodule_ln7' <Predicate = true> <Delay = 0.00>
ST_6 : Operation 145 [1/1] (0.00ns)   --->   "%specbitsmap_ln0 = specbitsmap void @_ssdm_op_SpecBitsMap, i8 %img_in_0"   --->   Operation 145 'specbitsmap' 'specbitsmap_ln0' <Predicate = true> <Delay = 0.00>
ST_6 : Operation 146 [1/1] (0.00ns)   --->   "%specinterface_ln0 = specinterface void @_ssdm_op_SpecInterface, i8 %img_in_0, void @empty, i32 0, i32 0, void @empty_0, i32 0, i32 0, void @empty_0, void @empty_0, void @empty_0, i32 0, i32 0, i32 0, i32 0, void @empty_0, void @empty_0, i32 4294967295, i32 0"   --->   Operation 146 'specinterface' 'specinterface_ln0' <Predicate = true> <Delay = 0.00>
ST_6 : Operation 147 [1/1] (0.00ns)   --->   "%specbitsmap_ln0 = specbitsmap void @_ssdm_op_SpecBitsMap, i8 %img_in_1"   --->   Operation 147 'specbitsmap' 'specbitsmap_ln0' <Predicate = true> <Delay = 0.00>
ST_6 : Operation 148 [1/1] (0.00ns)   --->   "%specinterface_ln0 = specinterface void @_ssdm_op_SpecInterface, i8 %img_in_1, void @empty, i32 0, i32 0, void @empty_0, i32 0, i32 0, void @empty_0, void @empty_0, void @empty_0, i32 0, i32 0, i32 0, i32 0, void @empty_0, void @empty_0, i32 4294967295, i32 0"   --->   Operation 148 'specinterface' 'specinterface_ln0' <Predicate = true> <Delay = 0.00>
ST_6 : Operation 149 [1/1] (0.00ns)   --->   "%specbitsmap_ln0 = specbitsmap void @_ssdm_op_SpecBitsMap, i8 %img_in_2"   --->   Operation 149 'specbitsmap' 'specbitsmap_ln0' <Predicate = true> <Delay = 0.00>
ST_6 : Operation 150 [1/1] (0.00ns)   --->   "%specinterface_ln0 = specinterface void @_ssdm_op_SpecInterface, i8 %img_in_2, void @empty, i32 0, i32 0, void @empty_0, i32 0, i32 0, void @empty_0, void @empty_0, void @empty_0, i32 0, i32 0, i32 0, i32 0, void @empty_0, void @empty_0, i32 4294967295, i32 0"   --->   Operation 150 'specinterface' 'specinterface_ln0' <Predicate = true> <Delay = 0.00>
ST_6 : Operation 151 [1/1] (0.00ns)   --->   "%specbitsmap_ln0 = specbitsmap void @_ssdm_op_SpecBitsMap, i8 %img_in_3"   --->   Operation 151 'specbitsmap' 'specbitsmap_ln0' <Predicate = true> <Delay = 0.00>
ST_6 : Operation 152 [1/1] (0.00ns)   --->   "%specinterface_ln0 = specinterface void @_ssdm_op_SpecInterface, i8 %img_in_3, void @empty, i32 0, i32 0, void @empty_0, i32 0, i32 0, void @empty_0, void @empty_0, void @empty_0, i32 0, i32 0, i32 0, i32 0, void @empty_0, void @empty_0, i32 4294967295, i32 0"   --->   Operation 152 'specinterface' 'specinterface_ln0' <Predicate = true> <Delay = 0.00>
ST_6 : Operation 153 [1/1] (0.00ns)   --->   "%specbitsmap_ln0 = specbitsmap void @_ssdm_op_SpecBitsMap, i8 %img_in_4"   --->   Operation 153 'specbitsmap' 'specbitsmap_ln0' <Predicate = true> <Delay = 0.00>
ST_6 : Operation 154 [1/1] (0.00ns)   --->   "%specinterface_ln0 = specinterface void @_ssdm_op_SpecInterface, i8 %img_in_4, void @empty, i32 0, i32 0, void @empty_0, i32 0, i32 0, void @empty_0, void @empty_0, void @empty_0, i32 0, i32 0, i32 0, i32 0, void @empty_0, void @empty_0, i32 4294967295, i32 0"   --->   Operation 154 'specinterface' 'specinterface_ln0' <Predicate = true> <Delay = 0.00>
ST_6 : Operation 155 [1/1] (0.00ns)   --->   "%specbitsmap_ln0 = specbitsmap void @_ssdm_op_SpecBitsMap, i8 %img_in_5"   --->   Operation 155 'specbitsmap' 'specbitsmap_ln0' <Predicate = true> <Delay = 0.00>
ST_6 : Operation 156 [1/1] (0.00ns)   --->   "%specinterface_ln0 = specinterface void @_ssdm_op_SpecInterface, i8 %img_in_5, void @empty, i32 0, i32 0, void @empty_0, i32 0, i32 0, void @empty_0, void @empty_0, void @empty_0, i32 0, i32 0, i32 0, i32 0, void @empty_0, void @empty_0, i32 4294967295, i32 0"   --->   Operation 156 'specinterface' 'specinterface_ln0' <Predicate = true> <Delay = 0.00>
ST_6 : Operation 157 [1/1] (0.00ns)   --->   "%specbitsmap_ln0 = specbitsmap void @_ssdm_op_SpecBitsMap, i8 %img_in_6"   --->   Operation 157 'specbitsmap' 'specbitsmap_ln0' <Predicate = true> <Delay = 0.00>
ST_6 : Operation 158 [1/1] (0.00ns)   --->   "%specinterface_ln0 = specinterface void @_ssdm_op_SpecInterface, i8 %img_in_6, void @empty, i32 0, i32 0, void @empty_0, i32 0, i32 0, void @empty_0, void @empty_0, void @empty_0, i32 0, i32 0, i32 0, i32 0, void @empty_0, void @empty_0, i32 4294967295, i32 0"   --->   Operation 158 'specinterface' 'specinterface_ln0' <Predicate = true> <Delay = 0.00>
ST_6 : Operation 159 [1/1] (0.00ns)   --->   "%specbitsmap_ln0 = specbitsmap void @_ssdm_op_SpecBitsMap, i8 %img_in_7"   --->   Operation 159 'specbitsmap' 'specbitsmap_ln0' <Predicate = true> <Delay = 0.00>
ST_6 : Operation 160 [1/1] (0.00ns)   --->   "%specinterface_ln0 = specinterface void @_ssdm_op_SpecInterface, i8 %img_in_7, void @empty, i32 0, i32 0, void @empty_0, i32 0, i32 0, void @empty_0, void @empty_0, void @empty_0, i32 0, i32 0, i32 0, i32 0, void @empty_0, void @empty_0, i32 4294967295, i32 0"   --->   Operation 160 'specinterface' 'specinterface_ln0' <Predicate = true> <Delay = 0.00>
ST_6 : Operation 161 [1/1] (0.00ns)   --->   "%specbitsmap_ln0 = specbitsmap void @_ssdm_op_SpecBitsMap, i8 %img_in_8"   --->   Operation 161 'specbitsmap' 'specbitsmap_ln0' <Predicate = true> <Delay = 0.00>
ST_6 : Operation 162 [1/1] (0.00ns)   --->   "%specinterface_ln0 = specinterface void @_ssdm_op_SpecInterface, i8 %img_in_8, void @empty, i32 0, i32 0, void @empty_0, i32 0, i32 0, void @empty_0, void @empty_0, void @empty_0, i32 0, i32 0, i32 0, i32 0, void @empty_0, void @empty_0, i32 4294967295, i32 0"   --->   Operation 162 'specinterface' 'specinterface_ln0' <Predicate = true> <Delay = 0.00>
ST_6 : Operation 163 [1/1] (0.00ns)   --->   "%specbitsmap_ln0 = specbitsmap void @_ssdm_op_SpecBitsMap, i8 %img_in_9"   --->   Operation 163 'specbitsmap' 'specbitsmap_ln0' <Predicate = true> <Delay = 0.00>
ST_6 : Operation 164 [1/1] (0.00ns)   --->   "%specinterface_ln0 = specinterface void @_ssdm_op_SpecInterface, i8 %img_in_9, void @empty, i32 0, i32 0, void @empty_0, i32 0, i32 0, void @empty_0, void @empty_0, void @empty_0, i32 0, i32 0, i32 0, i32 0, void @empty_0, void @empty_0, i32 4294967295, i32 0"   --->   Operation 164 'specinterface' 'specinterface_ln0' <Predicate = true> <Delay = 0.00>
ST_6 : Operation 165 [1/1] (0.00ns)   --->   "%specbitsmap_ln0 = specbitsmap void @_ssdm_op_SpecBitsMap, i8 %img_in_10"   --->   Operation 165 'specbitsmap' 'specbitsmap_ln0' <Predicate = true> <Delay = 0.00>
ST_6 : Operation 166 [1/1] (0.00ns)   --->   "%specinterface_ln0 = specinterface void @_ssdm_op_SpecInterface, i8 %img_in_10, void @empty, i32 0, i32 0, void @empty_0, i32 0, i32 0, void @empty_0, void @empty_0, void @empty_0, i32 0, i32 0, i32 0, i32 0, void @empty_0, void @empty_0, i32 4294967295, i32 0"   --->   Operation 166 'specinterface' 'specinterface_ln0' <Predicate = true> <Delay = 0.00>
ST_6 : Operation 167 [1/1] (0.00ns)   --->   "%specbitsmap_ln0 = specbitsmap void @_ssdm_op_SpecBitsMap, i8 %img_in_11"   --->   Operation 167 'specbitsmap' 'specbitsmap_ln0' <Predicate = true> <Delay = 0.00>
ST_6 : Operation 168 [1/1] (0.00ns)   --->   "%specinterface_ln0 = specinterface void @_ssdm_op_SpecInterface, i8 %img_in_11, void @empty, i32 0, i32 0, void @empty_0, i32 0, i32 0, void @empty_0, void @empty_0, void @empty_0, i32 0, i32 0, i32 0, i32 0, void @empty_0, void @empty_0, i32 4294967295, i32 0"   --->   Operation 168 'specinterface' 'specinterface_ln0' <Predicate = true> <Delay = 0.00>
ST_6 : Operation 169 [1/1] (0.00ns)   --->   "%specbitsmap_ln0 = specbitsmap void @_ssdm_op_SpecBitsMap, i8 %img_in_12"   --->   Operation 169 'specbitsmap' 'specbitsmap_ln0' <Predicate = true> <Delay = 0.00>
ST_6 : Operation 170 [1/1] (0.00ns)   --->   "%specinterface_ln0 = specinterface void @_ssdm_op_SpecInterface, i8 %img_in_12, void @empty, i32 0, i32 0, void @empty_0, i32 0, i32 0, void @empty_0, void @empty_0, void @empty_0, i32 0, i32 0, i32 0, i32 0, void @empty_0, void @empty_0, i32 4294967295, i32 0"   --->   Operation 170 'specinterface' 'specinterface_ln0' <Predicate = true> <Delay = 0.00>
ST_6 : Operation 171 [1/1] (0.00ns)   --->   "%specbitsmap_ln0 = specbitsmap void @_ssdm_op_SpecBitsMap, i8 %img_in_13"   --->   Operation 171 'specbitsmap' 'specbitsmap_ln0' <Predicate = true> <Delay = 0.00>
ST_6 : Operation 172 [1/1] (0.00ns)   --->   "%specinterface_ln0 = specinterface void @_ssdm_op_SpecInterface, i8 %img_in_13, void @empty, i32 0, i32 0, void @empty_0, i32 0, i32 0, void @empty_0, void @empty_0, void @empty_0, i32 0, i32 0, i32 0, i32 0, void @empty_0, void @empty_0, i32 4294967295, i32 0"   --->   Operation 172 'specinterface' 'specinterface_ln0' <Predicate = true> <Delay = 0.00>
ST_6 : Operation 173 [1/1] (0.00ns)   --->   "%specbitsmap_ln0 = specbitsmap void @_ssdm_op_SpecBitsMap, i8 %img_in_14"   --->   Operation 173 'specbitsmap' 'specbitsmap_ln0' <Predicate = true> <Delay = 0.00>
ST_6 : Operation 174 [1/1] (0.00ns)   --->   "%specinterface_ln0 = specinterface void @_ssdm_op_SpecInterface, i8 %img_in_14, void @empty, i32 0, i32 0, void @empty_0, i32 0, i32 0, void @empty_0, void @empty_0, void @empty_0, i32 0, i32 0, i32 0, i32 0, void @empty_0, void @empty_0, i32 4294967295, i32 0"   --->   Operation 174 'specinterface' 'specinterface_ln0' <Predicate = true> <Delay = 0.00>
ST_6 : Operation 175 [1/1] (0.00ns)   --->   "%specbitsmap_ln0 = specbitsmap void @_ssdm_op_SpecBitsMap, i8 %img_in_15"   --->   Operation 175 'specbitsmap' 'specbitsmap_ln0' <Predicate = true> <Delay = 0.00>
ST_6 : Operation 176 [1/1] (0.00ns)   --->   "%specinterface_ln0 = specinterface void @_ssdm_op_SpecInterface, i8 %img_in_15, void @empty, i32 0, i32 0, void @empty_0, i32 0, i32 0, void @empty_0, void @empty_0, void @empty_0, i32 0, i32 0, i32 0, i32 0, void @empty_0, void @empty_0, i32 4294967295, i32 0"   --->   Operation 176 'specinterface' 'specinterface_ln0' <Predicate = true> <Delay = 0.00>
ST_6 : Operation 177 [1/1] (0.00ns)   --->   "%specbitsmap_ln0 = specbitsmap void @_ssdm_op_SpecBitsMap, i8 %img_out_0"   --->   Operation 177 'specbitsmap' 'specbitsmap_ln0' <Predicate = true> <Delay = 0.00>
ST_6 : Operation 178 [1/1] (0.00ns)   --->   "%specinterface_ln0 = specinterface void @_ssdm_op_SpecInterface, i8 %img_out_0, void @empty, i32 0, i32 0, void @empty_0, i32 0, i32 0, void @empty_0, void @empty_0, void @empty_0, i32 0, i32 0, i32 0, i32 0, void @empty_0, void @empty_0, i32 4294967295, i32 0"   --->   Operation 178 'specinterface' 'specinterface_ln0' <Predicate = true> <Delay = 0.00>
ST_6 : Operation 179 [1/1] (0.00ns)   --->   "%specbitsmap_ln0 = specbitsmap void @_ssdm_op_SpecBitsMap, i8 %img_out_1"   --->   Operation 179 'specbitsmap' 'specbitsmap_ln0' <Predicate = true> <Delay = 0.00>
ST_6 : Operation 180 [1/1] (0.00ns)   --->   "%specinterface_ln0 = specinterface void @_ssdm_op_SpecInterface, i8 %img_out_1, void @empty, i32 0, i32 0, void @empty_0, i32 0, i32 0, void @empty_0, void @empty_0, void @empty_0, i32 0, i32 0, i32 0, i32 0, void @empty_0, void @empty_0, i32 4294967295, i32 0"   --->   Operation 180 'specinterface' 'specinterface_ln0' <Predicate = true> <Delay = 0.00>
ST_6 : Operation 181 [1/1] (0.00ns)   --->   "%specbitsmap_ln0 = specbitsmap void @_ssdm_op_SpecBitsMap, i8 %img_out_2"   --->   Operation 181 'specbitsmap' 'specbitsmap_ln0' <Predicate = true> <Delay = 0.00>
ST_6 : Operation 182 [1/1] (0.00ns)   --->   "%specinterface_ln0 = specinterface void @_ssdm_op_SpecInterface, i8 %img_out_2, void @empty, i32 0, i32 0, void @empty_0, i32 0, i32 0, void @empty_0, void @empty_0, void @empty_0, i32 0, i32 0, i32 0, i32 0, void @empty_0, void @empty_0, i32 4294967295, i32 0"   --->   Operation 182 'specinterface' 'specinterface_ln0' <Predicate = true> <Delay = 0.00>
ST_6 : Operation 183 [1/1] (0.00ns)   --->   "%specbitsmap_ln0 = specbitsmap void @_ssdm_op_SpecBitsMap, i8 %img_out_3"   --->   Operation 183 'specbitsmap' 'specbitsmap_ln0' <Predicate = true> <Delay = 0.00>
ST_6 : Operation 184 [1/1] (0.00ns)   --->   "%specinterface_ln0 = specinterface void @_ssdm_op_SpecInterface, i8 %img_out_3, void @empty, i32 0, i32 0, void @empty_0, i32 0, i32 0, void @empty_0, void @empty_0, void @empty_0, i32 0, i32 0, i32 0, i32 0, void @empty_0, void @empty_0, i32 4294967295, i32 0"   --->   Operation 184 'specinterface' 'specinterface_ln0' <Predicate = true> <Delay = 0.00>
ST_6 : Operation 185 [1/1] (0.00ns)   --->   "%specbitsmap_ln0 = specbitsmap void @_ssdm_op_SpecBitsMap, i8 %weights_0"   --->   Operation 185 'specbitsmap' 'specbitsmap_ln0' <Predicate = true> <Delay = 0.00>
ST_6 : Operation 186 [1/1] (0.00ns)   --->   "%specinterface_ln0 = specinterface void @_ssdm_op_SpecInterface, i8 %weights_0, void @empty, i32 0, i32 0, void @empty_0, i32 0, i32 0, void @empty_0, void @empty_0, void @empty_0, i32 0, i32 0, i32 0, i32 0, void @empty_0, void @empty_0, i32 4294967295, i32 0"   --->   Operation 186 'specinterface' 'specinterface_ln0' <Predicate = true> <Delay = 0.00>
ST_6 : Operation 187 [1/1] (0.00ns)   --->   "%specbitsmap_ln0 = specbitsmap void @_ssdm_op_SpecBitsMap, i8 %weights_1"   --->   Operation 187 'specbitsmap' 'specbitsmap_ln0' <Predicate = true> <Delay = 0.00>
ST_6 : Operation 188 [1/1] (0.00ns)   --->   "%specinterface_ln0 = specinterface void @_ssdm_op_SpecInterface, i8 %weights_1, void @empty, i32 0, i32 0, void @empty_0, i32 0, i32 0, void @empty_0, void @empty_0, void @empty_0, i32 0, i32 0, i32 0, i32 0, void @empty_0, void @empty_0, i32 4294967295, i32 0"   --->   Operation 188 'specinterface' 'specinterface_ln0' <Predicate = true> <Delay = 0.00>
ST_6 : Operation 189 [1/1] (0.00ns)   --->   "%specbitsmap_ln0 = specbitsmap void @_ssdm_op_SpecBitsMap, i8 %weights_2"   --->   Operation 189 'specbitsmap' 'specbitsmap_ln0' <Predicate = true> <Delay = 0.00>
ST_6 : Operation 190 [1/1] (0.00ns)   --->   "%specinterface_ln0 = specinterface void @_ssdm_op_SpecInterface, i8 %weights_2, void @empty, i32 0, i32 0, void @empty_0, i32 0, i32 0, void @empty_0, void @empty_0, void @empty_0, i32 0, i32 0, i32 0, i32 0, void @empty_0, void @empty_0, i32 4294967295, i32 0"   --->   Operation 190 'specinterface' 'specinterface_ln0' <Predicate = true> <Delay = 0.00>
ST_6 : Operation 191 [1/1] (0.00ns)   --->   "%specbitsmap_ln0 = specbitsmap void @_ssdm_op_SpecBitsMap, i8 %weights_3"   --->   Operation 191 'specbitsmap' 'specbitsmap_ln0' <Predicate = true> <Delay = 0.00>
ST_6 : Operation 192 [1/1] (0.00ns)   --->   "%specinterface_ln0 = specinterface void @_ssdm_op_SpecInterface, i8 %weights_3, void @empty, i32 0, i32 0, void @empty_0, i32 0, i32 0, void @empty_0, void @empty_0, void @empty_0, i32 0, i32 0, i32 0, i32 0, void @empty_0, void @empty_0, i32 4294967295, i32 0"   --->   Operation 192 'specinterface' 'specinterface_ln0' <Predicate = true> <Delay = 0.00>
ST_6 : Operation 193 [1/1] (0.00ns)   --->   "%specbitsmap_ln0 = specbitsmap void @_ssdm_op_SpecBitsMap, i8 %weights_4"   --->   Operation 193 'specbitsmap' 'specbitsmap_ln0' <Predicate = true> <Delay = 0.00>
ST_6 : Operation 194 [1/1] (0.00ns)   --->   "%specinterface_ln0 = specinterface void @_ssdm_op_SpecInterface, i8 %weights_4, void @empty, i32 0, i32 0, void @empty_0, i32 0, i32 0, void @empty_0, void @empty_0, void @empty_0, i32 0, i32 0, i32 0, i32 0, void @empty_0, void @empty_0, i32 4294967295, i32 0"   --->   Operation 194 'specinterface' 'specinterface_ln0' <Predicate = true> <Delay = 0.00>
ST_6 : Operation 195 [1/1] (0.00ns)   --->   "%specbitsmap_ln0 = specbitsmap void @_ssdm_op_SpecBitsMap, i8 %weights_5"   --->   Operation 195 'specbitsmap' 'specbitsmap_ln0' <Predicate = true> <Delay = 0.00>
ST_6 : Operation 196 [1/1] (0.00ns)   --->   "%specinterface_ln0 = specinterface void @_ssdm_op_SpecInterface, i8 %weights_5, void @empty, i32 0, i32 0, void @empty_0, i32 0, i32 0, void @empty_0, void @empty_0, void @empty_0, i32 0, i32 0, i32 0, i32 0, void @empty_0, void @empty_0, i32 4294967295, i32 0"   --->   Operation 196 'specinterface' 'specinterface_ln0' <Predicate = true> <Delay = 0.00>
ST_6 : Operation 197 [1/1] (0.00ns)   --->   "%specbitsmap_ln0 = specbitsmap void @_ssdm_op_SpecBitsMap, i8 %weights_6"   --->   Operation 197 'specbitsmap' 'specbitsmap_ln0' <Predicate = true> <Delay = 0.00>
ST_6 : Operation 198 [1/1] (0.00ns)   --->   "%specinterface_ln0 = specinterface void @_ssdm_op_SpecInterface, i8 %weights_6, void @empty, i32 0, i32 0, void @empty_0, i32 0, i32 0, void @empty_0, void @empty_0, void @empty_0, i32 0, i32 0, i32 0, i32 0, void @empty_0, void @empty_0, i32 4294967295, i32 0"   --->   Operation 198 'specinterface' 'specinterface_ln0' <Predicate = true> <Delay = 0.00>
ST_6 : Operation 199 [1/1] (0.00ns)   --->   "%specbitsmap_ln0 = specbitsmap void @_ssdm_op_SpecBitsMap, i8 %weights_7"   --->   Operation 199 'specbitsmap' 'specbitsmap_ln0' <Predicate = true> <Delay = 0.00>
ST_6 : Operation 200 [1/1] (0.00ns)   --->   "%specinterface_ln0 = specinterface void @_ssdm_op_SpecInterface, i8 %weights_7, void @empty, i32 0, i32 0, void @empty_0, i32 0, i32 0, void @empty_0, void @empty_0, void @empty_0, i32 0, i32 0, i32 0, i32 0, void @empty_0, void @empty_0, i32 4294967295, i32 0"   --->   Operation 200 'specinterface' 'specinterface_ln0' <Predicate = true> <Delay = 0.00>
ST_6 : Operation 201 [1/1] (0.00ns)   --->   "%specbitsmap_ln0 = specbitsmap void @_ssdm_op_SpecBitsMap, i8 %weights_8"   --->   Operation 201 'specbitsmap' 'specbitsmap_ln0' <Predicate = true> <Delay = 0.00>
ST_6 : Operation 202 [1/1] (0.00ns)   --->   "%specinterface_ln0 = specinterface void @_ssdm_op_SpecInterface, i8 %weights_8, void @empty, i32 0, i32 0, void @empty_0, i32 0, i32 0, void @empty_0, void @empty_0, void @empty_0, i32 0, i32 0, i32 0, i32 0, void @empty_0, void @empty_0, i32 4294967295, i32 0"   --->   Operation 202 'specinterface' 'specinterface_ln0' <Predicate = true> <Delay = 0.00>
ST_6 : Operation 203 [1/2] (2.10ns) (root node of the DSP)   --->   "%add_ln39 = add i8 %mul_ln39, i8 %acc" [conv2D0.cpp:39]   --->   Operation 203 'add' 'add_ln39' <Predicate = true> <Delay = 2.10> <CoreInst = "DSP48">   --->   Core 119 'DSP48' <Latency = 3> <II = 1> <Delay = 2.15> <IPBlock> <Opcode : '' 'add' 'sub' 'mul' 'select'> <InPorts = 0> <OutPorts = 1> <Sync> <CReg>
ST_6 : Operation 204 [1/2] (2.10ns) (root node of the DSP)   --->   "%add_ln39_1 = add i8 %mul_ln39_1, i8 %mul_ln39_2" [conv2D0.cpp:39]   --->   Operation 204 'add' 'add_ln39_1' <Predicate = true> <Delay = 2.10> <CoreInst = "DSP48">   --->   Core 119 'DSP48' <Latency = 3> <II = 1> <Delay = 2.15> <IPBlock> <Opcode : '' 'add' 'sub' 'mul' 'select'> <InPorts = 0> <OutPorts = 1> <Sync> <CReg>
ST_6 : Operation 205 [1/1] (0.00ns) (grouped into TernaryAdder)   --->   "%add_ln39_2 = add i8 %add_ln39_1, i8 %add_ln39" [conv2D0.cpp:39]   --->   Operation 205 'add' 'add_ln39_2' <Predicate = true> <Delay = 0.00> <CoreInst = "TAddSub">   --->   Core 10 'TAddSub' <Latency = 0> <II = 1> <Delay = 1.83> <IPBlock> <Opcode : '' 'add' 'sub'> <InPorts = 3> <OutPorts = 1> <Sync> <CReg>
ST_6 : Operation 206 [1/1] (3.66ns) (root node of TernaryAdder)   --->   "%acc_1 = add i8 %add_ln39_6, i8 %add_ln39_2" [conv2D0.cpp:39]   --->   Operation 206 'add' 'acc_1' <Predicate = true> <Delay = 3.66> <CoreInst = "TAddSub">   --->   Core 10 'TAddSub' <Latency = 0> <II = 1> <Delay = 1.83> <IPBlock> <Opcode : '' 'add' 'sub'> <InPorts = 3> <OutPorts = 1> <Sync> <CReg>
ST_6 : Operation 207 [1/2] (2.10ns) (root node of the DSP)   --->   "%add_ln39_8 = add i8 %mul_ln39_9, i8 %acc_2" [conv2D0.cpp:39]   --->   Operation 207 'add' 'add_ln39_8' <Predicate = true> <Delay = 2.10> <CoreInst = "DSP48">   --->   Core 119 'DSP48' <Latency = 3> <II = 1> <Delay = 2.15> <IPBlock> <Opcode : '' 'add' 'sub' 'mul' 'select'> <InPorts = 0> <OutPorts = 1> <Sync> <CReg>
ST_6 : Operation 208 [1/2] (2.10ns) (root node of the DSP)   --->   "%add_ln39_9 = add i8 %mul_ln39_10, i8 %mul_ln39_11" [conv2D0.cpp:39]   --->   Operation 208 'add' 'add_ln39_9' <Predicate = true> <Delay = 2.10> <CoreInst = "DSP48">   --->   Core 119 'DSP48' <Latency = 3> <II = 1> <Delay = 2.15> <IPBlock> <Opcode : '' 'add' 'sub' 'mul' 'select'> <InPorts = 0> <OutPorts = 1> <Sync> <CReg>
ST_6 : Operation 209 [1/1] (0.00ns) (grouped into TernaryAdder)   --->   "%add_ln39_10 = add i8 %add_ln39_9, i8 %add_ln39_8" [conv2D0.cpp:39]   --->   Operation 209 'add' 'add_ln39_10' <Predicate = true> <Delay = 0.00> <CoreInst = "TAddSub">   --->   Core 10 'TAddSub' <Latency = 0> <II = 1> <Delay = 1.83> <IPBlock> <Opcode : '' 'add' 'sub'> <InPorts = 3> <OutPorts = 1> <Sync> <CReg>
ST_6 : Operation 210 [1/1] (3.66ns) (root node of TernaryAdder)   --->   "%acc_3 = add i8 %add_ln39_14, i8 %add_ln39_10" [conv2D0.cpp:39]   --->   Operation 210 'add' 'acc_3' <Predicate = true> <Delay = 3.66> <CoreInst = "TAddSub">   --->   Core 10 'TAddSub' <Latency = 0> <II = 1> <Delay = 1.83> <IPBlock> <Opcode : '' 'add' 'sub'> <InPorts = 3> <OutPorts = 1> <Sync> <CReg>
ST_6 : Operation 211 [1/2] (2.10ns) (root node of the DSP)   --->   "%add_ln39_16 = add i8 %mul_ln39_18, i8 %acc_4" [conv2D0.cpp:39]   --->   Operation 211 'add' 'add_ln39_16' <Predicate = true> <Delay = 2.10> <CoreInst = "DSP48">   --->   Core 119 'DSP48' <Latency = 3> <II = 1> <Delay = 2.15> <IPBlock> <Opcode : '' 'add' 'sub' 'mul' 'select'> <InPorts = 0> <OutPorts = 1> <Sync> <CReg>
ST_6 : Operation 212 [1/2] (2.10ns) (root node of the DSP)   --->   "%add_ln39_17 = add i8 %mul_ln39_19, i8 %mul_ln39_20" [conv2D0.cpp:39]   --->   Operation 212 'add' 'add_ln39_17' <Predicate = true> <Delay = 2.10> <CoreInst = "DSP48">   --->   Core 119 'DSP48' <Latency = 3> <II = 1> <Delay = 2.15> <IPBlock> <Opcode : '' 'add' 'sub' 'mul' 'select'> <InPorts = 0> <OutPorts = 1> <Sync> <CReg>
ST_6 : Operation 213 [1/1] (0.00ns) (grouped into TernaryAdder)   --->   "%add_ln39_18 = add i8 %add_ln39_17, i8 %add_ln39_16" [conv2D0.cpp:39]   --->   Operation 213 'add' 'add_ln39_18' <Predicate = true> <Delay = 0.00> <CoreInst = "TAddSub">   --->   Core 10 'TAddSub' <Latency = 0> <II = 1> <Delay = 1.83> <IPBlock> <Opcode : '' 'add' 'sub'> <InPorts = 3> <OutPorts = 1> <Sync> <CReg>
ST_6 : Operation 214 [1/1] (3.66ns) (root node of TernaryAdder)   --->   "%acc_5 = add i8 %add_ln39_22, i8 %add_ln39_18" [conv2D0.cpp:39]   --->   Operation 214 'add' 'acc_5' <Predicate = true> <Delay = 3.66> <CoreInst = "TAddSub">   --->   Core 10 'TAddSub' <Latency = 0> <II = 1> <Delay = 1.83> <IPBlock> <Opcode : '' 'add' 'sub'> <InPorts = 3> <OutPorts = 1> <Sync> <CReg>
ST_6 : Operation 215 [1/2] (2.10ns) (root node of the DSP)   --->   "%add_ln39_24 = add i8 %mul_ln39_27, i8 %acc_6" [conv2D0.cpp:39]   --->   Operation 215 'add' 'add_ln39_24' <Predicate = true> <Delay = 2.10> <CoreInst = "DSP48">   --->   Core 119 'DSP48' <Latency = 3> <II = 1> <Delay = 2.15> <IPBlock> <Opcode : '' 'add' 'sub' 'mul' 'select'> <InPorts = 0> <OutPorts = 1> <Sync> <CReg>
ST_6 : Operation 216 [1/2] (2.10ns) (root node of the DSP)   --->   "%add_ln39_25 = add i8 %mul_ln39_28, i8 %mul_ln39_29" [conv2D0.cpp:39]   --->   Operation 216 'add' 'add_ln39_25' <Predicate = true> <Delay = 2.10> <CoreInst = "DSP48">   --->   Core 119 'DSP48' <Latency = 3> <II = 1> <Delay = 2.15> <IPBlock> <Opcode : '' 'add' 'sub' 'mul' 'select'> <InPorts = 0> <OutPorts = 1> <Sync> <CReg>
ST_6 : Operation 217 [1/1] (0.00ns) (grouped into TernaryAdder)   --->   "%add_ln39_26 = add i8 %add_ln39_25, i8 %add_ln39_24" [conv2D0.cpp:39]   --->   Operation 217 'add' 'add_ln39_26' <Predicate = true> <Delay = 0.00> <CoreInst = "TAddSub">   --->   Core 10 'TAddSub' <Latency = 0> <II = 1> <Delay = 1.83> <IPBlock> <Opcode : '' 'add' 'sub'> <InPorts = 3> <OutPorts = 1> <Sync> <CReg>
ST_6 : Operation 218 [1/1] (3.66ns) (root node of TernaryAdder)   --->   "%acc_7 = add i8 %add_ln39_30, i8 %add_ln39_26" [conv2D0.cpp:39]   --->   Operation 218 'add' 'acc_7' <Predicate = true> <Delay = 3.66> <CoreInst = "TAddSub">   --->   Core 10 'TAddSub' <Latency = 0> <II = 1> <Delay = 1.83> <IPBlock> <Opcode : '' 'add' 'sub'> <InPorts = 3> <OutPorts = 1> <Sync> <CReg>
ST_6 : Operation 219 [1/1] (0.00ns)   --->   "%write_ln48 = write void @_ssdm_op_Write.ap_auto.i8P0A, i8 %img_out_0, i8 %acc_1" [conv2D0.cpp:48]   --->   Operation 219 'write' 'write_ln48' <Predicate = true> <Delay = 0.00>
ST_6 : Operation 220 [1/1] (0.00ns)   --->   "%write_ln48 = write void @_ssdm_op_Write.ap_auto.i8P0A, i8 %img_out_1, i8 %acc_3" [conv2D0.cpp:48]   --->   Operation 220 'write' 'write_ln48' <Predicate = true> <Delay = 0.00>
ST_6 : Operation 221 [1/1] (0.00ns)   --->   "%write_ln48 = write void @_ssdm_op_Write.ap_auto.i8P0A, i8 %img_out_2, i8 %acc_5" [conv2D0.cpp:48]   --->   Operation 221 'write' 'write_ln48' <Predicate = true> <Delay = 0.00>
ST_6 : Operation 222 [1/1] (0.00ns)   --->   "%write_ln48 = write void @_ssdm_op_Write.ap_auto.i8P0A, i8 %img_out_3, i8 %acc_7" [conv2D0.cpp:48]   --->   Operation 222 'write' 'write_ln48' <Predicate = true> <Delay = 0.00>
ST_6 : Operation 223 [1/1] (0.00ns)   --->   "%ret_ln49 = ret" [conv2D0.cpp:49]   --->   Operation 223 'ret' 'ret_ln49' <Predicate = true> <Delay = 0.00>


============================================================
+ Verbose Summary: Timing violations
============================================================
Target clock period: 10.000ns, clock uncertainty: 2.700ns.

 <State 1>: 1.050ns
The critical path consists of the following:
	wire read operation ('img_in_10_read', conv2D0.cpp:23) on port 'img_in_10' (conv2D0.cpp:23) [99]  (0.000 ns)
	'mul' operation 8 bit of DSP[127] ('mul_ln39_7', conv2D0.cpp:39) [122]  (1.050 ns)

 <State 2>: 1.050ns
The critical path consists of the following:
	wire read operation ('img_in_6_read', conv2D0.cpp:23) on port 'img_in_6' (conv2D0.cpp:23) [95]  (0.000 ns)
	'mul' operation 8 bit of DSP[126] ('mul_ln39_4', conv2D0.cpp:39) [119]  (1.050 ns)

 <State 3>: 6.270ns
The critical path consists of the following:
	wire read operation ('weights_7_read', conv2D0.cpp:26) on port 'weights_7' (conv2D0.cpp:26) [112]  (0.000 ns)
	'mul' operation 8 bit ('mul_ln39_6', conv2D0.cpp:39) [121]  (4.170 ns)
	'add' operation 8 bit of DSP[127] ('add_ln39_4', conv2D0.cpp:39) [127]  (2.100 ns)

 <State 4>: 6.270ns
The critical path consists of the following:
	wire read operation ('weights_4_read', conv2D0.cpp:26) on port 'weights_4' (conv2D0.cpp:26) [109]  (0.000 ns)
	'mul' operation 8 bit ('mul_ln39_3', conv2D0.cpp:39) [118]  (4.170 ns)
	'add' operation 8 bit of DSP[126] ('add_ln39_3', conv2D0.cpp:39) [126]  (2.100 ns)

 <State 5>: 6.270ns
The critical path consists of the following:
	wire read operation ('weights_1_read', conv2D0.cpp:26) on port 'weights_1' (conv2D0.cpp:26) [106]  (0.000 ns)
	'mul' operation 8 bit ('mul_ln39', conv2D0.cpp:39) [115]  (4.170 ns)
	'add' operation 8 bit of DSP[123] ('add_ln39', conv2D0.cpp:39) [123]  (2.100 ns)

 <State 6>: 5.769ns
The critical path consists of the following:
	'add' operation 8 bit of DSP[123] ('add_ln39', conv2D0.cpp:39) [123]  (2.100 ns)
	'add' operation 8 bit ('add_ln39_2', conv2D0.cpp:39) [125]  (0.000 ns)
	'add' operation 8 bit ('acc', conv2D0.cpp:39) [130]  (3.669 ns)


============================================================
+ Verbose Summary: Binding
============================================================
N/A
* FSMD analyzer results:
  - Output states:
 - Input state : 
  - Chain level:
	State 1
	State 2
	State 3
	State 4
	State 5
	State 6


============================================================
+ Verbose Summary: Datapath Resource usage 
============================================================
N/A
