================================================================
== Design Size Report
================================================================

* Total Instructions per Compilation Phase
+---------------+-----------------------------+--------------+----------------------------------------------------------------------------------------+
| Phase         | Step                        | Instructions | Description                                                                            |
+---------------+-----------------------------+--------------+----------------------------------------------------------------------------------------+
| Compile/Link  |                             | 118          | After all functions are compiled and linked into a single design                       |
|               |                             |              |                                                                                        |
| Unroll/Inline |                             |              | After user unroll and inline pragmas are applied                                       |
|               | (1) unroll                  |  94          | user unroll pragmas are applied                                                        |
|               | (2) simplification          |  76          | simplification of applied user unroll pragmas                                          |
|               | (3) inline                  |  72          | user inline pragmas are applied                                                        |
|               | (4) simplification          |  72          | simplification of applied user inline pragmas                                          |
|               |                             |              |                                                                                        |
| Array/Struct  |                             |              | After user array partition and struct aggregate/disaggregate pragmas are applied       |
|               | (1) array partition         |  58          | user array partition pragmas are applied                                               |
|               | (2) simplification          |  58          | simplification of applied user array partition & struct aggregate/disaggregate pragmas |
|               | (3) aggregate/disaggregate  |  58          | user struct aggregate/disaggregate pragmas are applied                                 |
|               | (4) array reshape           |  58          | apply array reshape pragmas                                                            |
|               | (5) access patterns         |  58          | array access pattern optmizations                                                      |
|               |                             |              |                                                                                        |
| Performance   |                             |              | After transformations are applied to meet performance pragma targets                   |
|               | (1) loop simplification     |  58          | loop and instruction simplification                                                    |
|               | (2) parallelization         |  58          | loops are unrolled or pipelined to meet performance targets                            |
|               | (3) array partition         |  58          | arrays are partitioned to meet performance targets                                     |
|               | (4) simplification          |  58          | simplification of design after performance transformations                             |
|               |                             |              |                                                                                        |
| HW Transforms |                             |              | After hardware transfomations                                                          |
|               | (1) lowering                |  62          | initial conversion to HW specific instructions                                         |
|               | (2) optimizations           |  81          | high level synthesis optimizations                                                     |
+---------------+-----------------------------+--------------+----------------------------------------------------------------------------------------+

* Instructions per Function for each Compilation Phase
+--------------+-------------------+--------------+---------------+--------------+-------------+---------------+
| Function     | Location          | Compile/Link | Unroll/Inline | Array/Struct | Performance | HW Transforms |
+--------------+-------------------+--------------+---------------+--------------+-------------+---------------+
| + functionDF | functionDF.cpp:41 | 118          | 72            | 58           | 58          | 81            |
|    funcA     | functionDF.cpp:3  |  20          | 13            | 13           | 13          | 17            |
|    funcB     | functionDF.cpp:14 |  17          | 11            | 11           | 11          | 15            |
|    funcC     | functionDF.cpp:23 |  17          | 11            | 11           | 11          | 15            |
|    funcD     | functionDF.cpp:32 |  21          | 14            | 14           | 14          | 18            |
+--------------+-------------------+--------------+---------------+--------------+-------------+---------------+

* Design Size Message Settings
+---------------------------------------------+--------+------------------------------------------------------------------+
| Message Setting                             | Value  | Description                                                      |
+---------------------------------------------+--------+------------------------------------------------------------------+
| config_compile -design_size_maximum_warning | 100000 | Show a warning when total design instructions exceeds this value |
+---------------------------------------------+--------+------------------------------------------------------------------+


