

================================================================
== Vitis HLS Report for 'conv2D0'
================================================================
* Date:           Thu Apr 11 18:25:20 2024

* Version:        2023.2 (Build 4023990 on Oct 11 2023)
* Project:        Project1
* Solution:       pipeline_unroll_4 (Vivado IP Flow Target)
* Product family: zynq
* Target device:  xc7z010i-clg225-1L


================================================================
== Performance Estimates
================================================================
+ Timing: 
    * Summary: 
    +--------+----------+----------+------------+
    |  Clock |  Target  | Estimated| Uncertainty|
    +--------+----------+----------+------------+
    |ap_clk  |  10.00 ns|  7.571 ns|     2.70 ns|
    +--------+----------+----------+------------+

+ Latency: 
    * Summary: 
    +---------+---------+----------+----------+-----+-----+---------+
    |  Latency (cycles) |  Latency (absolute) |  Interval | Pipeline|
    |   min   |   max   |    min   |    max   | min | max |   Type  |
    +---------+---------+----------+----------+-----+-----+---------+
    |       31|       31|  0.310 us|  0.310 us|   32|   32|       no|
    +---------+---------+----------+----------+-----+-----+---------+

    + Detail: 
        * Instance: 
        +-------------------------------------------------+--------------------------------------+---------+---------+-----------+-----------+-----+-----+---------+
        |                                                 |                                      |  Latency (cycles) |   Latency (absolute)  |  Interval | Pipeline|
        |                     Instance                    |                Module                |   min   |   max   |    min    |    max    | min | max |   Type  |
        +-------------------------------------------------+--------------------------------------+---------+---------+-----------+-----------+-----+-----+---------+
        |grp_conv2D0_Pipeline_readImg_fu_160              |conv2D0_Pipeline_readImg              |       10|       10|   0.100 us|   0.100 us|   10|   10|       no|
        |grp_conv2D0_Pipeline_readweights_fu_182          |conv2D0_Pipeline_readweights          |        9|       10|  90.000 ns|   0.100 us|    9|   10|       no|
        |grp_conv2D0_Pipeline_loop_orow_loop_ocol_fu_200  |conv2D0_Pipeline_loop_orow_loop_ocol  |       10|       10|   0.100 us|   0.100 us|   10|   10|       no|
        |grp_conv2D0_Pipeline_writeImg_fu_233             |conv2D0_Pipeline_writeImg             |        6|        6|  60.000 ns|  60.000 ns|    6|    6|       no|
        +-------------------------------------------------+--------------------------------------+---------+---------+-----------+-----------+-----+-----+---------+

        * Loop: 
        N/A



================================================================
== Utilization Estimates
================================================================
* Summary: 
+-----------------+---------+----+-------+-------+-----+
|       Name      | BRAM_18K| DSP|   FF  |  LUT  | URAM|
+-----------------+---------+----+-------+-------+-----+
|DSP              |        -|   -|      -|      -|    -|
|Expression       |        -|   -|      0|     26|    -|
|FIFO             |        -|   -|      -|      -|    -|
|Instance         |        -|   5|    552|   1174|    -|
|Memory           |        -|   -|      -|      -|    -|
|Multiplexer      |        -|   -|      -|     37|    -|
|Register         |        -|   -|    131|      -|    -|
+-----------------+---------+----+-------+-------+-----+
|Total            |        0|   5|    683|   1237|    0|
+-----------------+---------+----+-------+-------+-----+
|Available        |      120|  80|  35200|  17600|    0|
+-----------------+---------+----+-------+-------+-----+
|Utilization (%)  |        0|   6|      1|      7|    0|
+-----------------+---------+----+-------+-------+-----+

+ Detail: 
    * Instance: 
    +-------------------------------------------------+--------------------------------------+---------+----+-----+-----+-----+
    |                     Instance                    |                Module                | BRAM_18K| DSP|  FF | LUT | URAM|
    +-------------------------------------------------+--------------------------------------+---------+----+-----+-----+-----+
    |grp_conv2D0_Pipeline_loop_orow_loop_ocol_fu_200  |conv2D0_Pipeline_loop_orow_loop_ocol  |        0|   5|  264|  681|    0|
    |grp_conv2D0_Pipeline_readImg_fu_160              |conv2D0_Pipeline_readImg              |        0|   0|  143|  123|    0|
    |grp_conv2D0_Pipeline_readweights_fu_182          |conv2D0_Pipeline_readweights          |        0|   0|  140|  299|    0|
    |grp_conv2D0_Pipeline_writeImg_fu_233             |conv2D0_Pipeline_writeImg             |        0|   0|    5|   71|    0|
    +-------------------------------------------------+--------------------------------------+---------+----+-----+-----+-----+
    |Total                                            |                                      |        0|   5|  552| 1174|    0|
    +-------------------------------------------------+--------------------------------------+---------+----+-----+-----+-----+

    * DSP: 
    N/A

    * Memory: 
    N/A

    * FIFO: 
    N/A

    * Expression: 
    +---------------------------------+----------+----+---+----+------------+------------+
    |          Variable Name          | Operation| DSP| FF| LUT| Bitwidth P0| Bitwidth P1|
    +---------------------------------+----------+----+---+----+------------+------------+
    |ap_block_state2_on_subcall_done  |        or|   0|  0|   2|           1|           1|
    |select_ln16_1_fu_357_p3          |    select|   0|  0|   8|           1|           8|
    |select_ln16_2_fu_365_p3          |    select|   0|  0|   8|           1|           8|
    |select_ln16_fu_349_p3            |    select|   0|  0|   8|           1|           8|
    +---------------------------------+----------+----+---+----+------------+------------+
    |Total                            |          |   0|  0|  26|           4|          25|
    +---------------------------------+----------+----+---+----+------------+------------+

    * Multiplexer: 
    +-----------+----+-----------+-----+-----------+
    |    Name   | LUT| Input Size| Bits| Total Bits|
    +-----------+----+-----------+-----+-----------+
    |ap_NS_fsm  |  37|          7|    1|          7|
    +-----------+----+-----------+-----+-----------+
    |Total      |  37|          7|    1|          7|
    +-----------+----+-----------+-----+-----------+

    * Register: 
    +--------------------------------------------------------------+---+----+-----+-----------+
    |                             Name                             | FF| LUT| Bits| Const Bits|
    +--------------------------------------------------------------+---+----+-----+-----------+
    |ap_CS_fsm                                                     |  6|   0|    6|          0|
    |grp_conv2D0_Pipeline_loop_orow_loop_ocol_fu_200_ap_start_reg  |  1|   0|    1|          0|
    |grp_conv2D0_Pipeline_readImg_fu_160_ap_start_reg              |  1|   0|    1|          0|
    |grp_conv2D0_Pipeline_readweights_fu_182_ap_start_reg          |  1|   0|    1|          0|
    |grp_conv2D0_Pipeline_writeImg_fu_233_ap_start_reg             |  1|   0|    1|          0|
    |select_ln16_1_reg_659                                         |  8|   0|    8|          0|
    |select_ln16_2_reg_664                                         |  8|   0|    8|          0|
    |select_ln16_reg_654                                           |  8|   0|    8|          0|
    |targetBlock_reg_581                                           |  1|   0|    1|          0|
    |weightsT_10_loc_fu_56                                         |  8|   0|    8|          0|
    |weightsT_11_loc_fu_52                                         |  8|   0|    8|          0|
    |weightsT_12_loc_fu_48                                         |  8|   0|    8|          0|
    |weightsT_1_loc_fu_64                                          |  8|   0|    8|          0|
    |weightsT_2_loc_fu_68                                          |  8|   0|    8|          0|
    |weightsT_3_loc_fu_72                                          |  8|   0|    8|          0|
    |weightsT_4_loc_fu_76                                          |  8|   0|    8|          0|
    |weightsT_5_loc_fu_80                                          |  8|   0|    8|          0|
    |weightsT_6_loc_fu_84                                          |  8|   0|    8|          0|
    |weightsT_7_loc_fu_88                                          |  8|   0|    8|          0|
    |weightsT_8_loc_fu_92                                          |  8|   0|    8|          0|
    |weightsT_loc_fu_60                                            |  8|   0|    8|          0|
    +--------------------------------------------------------------+---+----+-----+-----------+
    |Total                                                         |131|   0|  131|          0|
    +--------------------------------------------------------------+---+----+-----+-----------+



================================================================
== Interface
================================================================
* Summary: 
+------------------+-----+-----+------------+--------------+--------------+
|     RTL Ports    | Dir | Bits|  Protocol  | Source Object|    C Type    |
+------------------+-----+-----+------------+--------------+--------------+
|ap_clk            |   in|    1|  ap_ctrl_hs|       conv2D0|  return value|
|ap_rst            |   in|    1|  ap_ctrl_hs|       conv2D0|  return value|
|ap_start          |   in|    1|  ap_ctrl_hs|       conv2D0|  return value|
|ap_done           |  out|    1|  ap_ctrl_hs|       conv2D0|  return value|
|ap_idle           |  out|    1|  ap_ctrl_hs|       conv2D0|  return value|
|ap_ready          |  out|    1|  ap_ctrl_hs|       conv2D0|  return value|
|img_in_address0   |  out|    4|   ap_memory|        img_in|         array|
|img_in_ce0        |  out|    1|   ap_memory|        img_in|         array|
|img_in_q0         |   in|    8|   ap_memory|        img_in|         array|
|img_in_address1   |  out|    4|   ap_memory|        img_in|         array|
|img_in_ce1        |  out|    1|   ap_memory|        img_in|         array|
|img_in_q1         |   in|    8|   ap_memory|        img_in|         array|
|img_out_address0  |  out|    2|   ap_memory|       img_out|         array|
|img_out_ce0       |  out|    1|   ap_memory|       img_out|         array|
|img_out_we0       |  out|    1|   ap_memory|       img_out|         array|
|img_out_d0        |  out|    8|   ap_memory|       img_out|         array|
|weights_address0  |  out|    4|   ap_memory|       weights|         array|
|weights_ce0       |  out|    1|   ap_memory|       weights|         array|
|weights_q0        |   in|    8|   ap_memory|       weights|         array|
|weights_address1  |  out|    4|   ap_memory|       weights|         array|
|weights_ce1       |  out|    1|   ap_memory|       weights|         array|
|weights_q1        |   in|    8|   ap_memory|       weights|         array|
+------------------+-----+-----+------------+--------------+--------------+

